#
# There is insufficient memory for the Java Runtime Environment to continue.
# Native memory allocation (mmap) failed to map 264241152 bytes for G1 virtual space
# Possible reasons:
#   The system is out of physical RAM or swap space
#   The process is running with CompressedOops enabled, and the Java Heap may be blocking the growth of the native heap
# Possible solutions:
#   Reduce memory load on the system
#   Increase physical memory or swap space
#   Check if swap backing store is full
#   Decrease Java heap size (-Xmx/-Xms)
#   Decrease number of Java threads
#   Decrease Java thread stack sizes (-Xss)
#   Set larger code cache with -XX:ReservedCodeCacheSize=
#   JVM is running with Zero Based Compressed Oops mode in which the Java heap is
#     placed in the first 32GB address space. The Java Heap base address is the
#     maximum limit for the native heap growth. Please use -XX:HeapBaseMinAddress
#     to set the Java Heap base and to place the Java Heap above 32GB virtual address.
# This output file may be truncated or incomplete.
#
#  Out of Memory Error (os_windows.cpp:3600), pid=69520, tid=78332
#
# JRE version:  (21.0.5+9) (build )
# Java VM: Java HotSpot(TM) 64-Bit Server VM (21.0.5+9-LTS-239, mixed mode, emulated-client, sharing, tiered, compressed oops, compressed class ptrs, g1 gc, windows-amd64)
# No core dump will be written. Minidumps are not enabled by default on client versions of Windows
#

---------------  S U M M A R Y ------------

Command Line: -XX:TieredStopAtLevel=1 -Xverify:none -Dspring.output.ansi.enabled=always -javaagent:C:\Software\IntelliJ IDEA 2020.3.4\lib\idea_rt.jar=50608:C:\Software\IntelliJ IDEA 2020.3.4\bin -Dcom.sun.management.jmxremote -Dspring.jmx.enabled=true -Dspring.liveBeansView.mbeanDomain -Dspring.application.admin.enabled=true -Dfile.encoding=UTF-8 com.zlw.stroke.StrokeApplication

Host: 12th Gen Intel(R) Core(TM) i9-12900H, 20 cores, 15G,  Windows 11 , 64 bit Build 22621 (10.0.22621.4391)
Time: Tue Jan  7 20:32:58 2025  Windows 11 , 64 bit Build 22621 (10.0.22621.4391) elapsed time: 0.024331 seconds (0d 0h 0m 0s)

---------------  T H R E A D  ---------------

Current thread (0x0000018900cac2c0):  JavaThread "Unknown thread" [_thread_in_vm, id=78332, stack(0x0000007ffb900000,0x0000007ffba00000) (1024K)]

Stack: [0x0000007ffb900000,0x0000007ffba00000]
Native frames: (J=compiled Java code, j=interpreted, Vv=VM code, C=native code)
V  [jvm.dll+0x6ca289]
V  [jvm.dll+0x854a51]
V  [jvm.dll+0x856f7e]
V  [jvm.dll+0x857653]
V  [jvm.dll+0x27dd26]
V  [jvm.dll+0x6c6a25]
V  [jvm.dll+0x6bb5aa]
V  [jvm.dll+0x35359a]
V  [jvm.dll+0x35b1f6]
V  [jvm.dll+0x3adade]
V  [jvm.dll+0x3add88]
V  [jvm.dll+0x3278fc]
V  [jvm.dll+0x32845b]
V  [jvm.dll+0x81de19]
V  [jvm.dll+0x3ba7c1]
V  [jvm.dll+0x807168]
V  [jvm.dll+0x44f96e]
V  [jvm.dll+0x451561]
C  [jli.dll+0x52a3]
C  [ucrtbase.dll+0x29333]
C  [KERNEL32.DLL+0x1259d]
C  [ntdll.dll+0x5af38]


---------------  P R O C E S S  ---------------

Threads class SMR info:
_java_thread_list=0x00007ffba276ac08, length=0, elements={
}

Java Threads: ( => current thread )
Total: 0

Other Threads:
  0x0000018900d12510 WorkerThread "GC Thread#0"                     [id=78072, stack(0x0000007ffba00000,0x0000007ffbb00000) (1024K)]
  0x0000018900d23100 ConcurrentGCThread "G1 Main Marker"            [id=58484, stack(0x0000007ffbb00000,0x0000007ffbc00000) (1024K)]
  0x0000018900d242b0 WorkerThread "G1 Conc#0"                       [id=67156, stack(0x0000007ffbc00000,0x0000007ffbd00000) (1024K)]

[error occurred during error reporting (printing all threads), id 0xc0000005, EXCEPTION_ACCESS_VIOLATION (0xc0000005) at pc=0x00007ffba1eda087]
VM state: not at safepoint (not fully initialized)

VM Mutex/Monitor currently owned by a thread:  ([mutex/lock_event])
[0x00007ffba27dbf98] Heap_lock - owner thread: 0x0000018900cac2c0

Heap address: 0x0000000704400000, size: 4028 MB, Compressed Oops mode: Zero based, Oop shift amount: 3

CDS archive(s) mapped at: [0x0000000000000000-0x0000000000000000-0x0000000000000000), size 0, SharedBaseAddress: 0x0000000800000000, ArchiveRelocationMode: 1.
Narrow klass base: 0x0000000000000000, Narrow klass shift: 0, Narrow klass range: 0x0

GC Precious Log:
 CardTable entry size: 512
 Card Set container configuration: InlinePtr #cards 4 size 8 Array Of Cards #cards 16 size 48 Howl #buckets 8 coarsen threshold 3686 Howl Bitmap #cards 512 size 80 coarsen threshold 460 Card regions per heap region 1 cards per card region 4096

Heap:
 garbage-first heap   total 0K, used 0K [0x0000000704400000, 0x0000000800000000)
  region size 2048K, 0 young (0K), 0 survivors (0K)

[error occurred during error reporting (printing heap information), id 0xc0000005, EXCEPTION_ACCESS_VIOLATION (0xc0000005) at pc=0x00007ffba22c3259]
GC Heap History (0 events):
No events

Dll operation events (1 events):
Event: 0.014 Loaded shared library C:\Program Files\Java\jdk-21\bin\java.dll

Deoptimization events (0 events):
No events

Classes loaded (0 events):
No events

Classes unloaded (0 events):
No events

Classes redefined (0 events):
No events

Internal exceptions (0 events):
No events

ZGC Phase Switch (0 events):
No events

VM Operations (0 events):
No events

Events (0 events):
No events


Dynamic libraries:
0x00007ff7aac60000 - 0x00007ff7aac70000 	C:\Program Files\Java\jdk-21\bin\java.exe
0x00007ffca2a90000 - 0x00007ffca2ca7000 	C:\WINDOWS\SYSTEM32\ntdll.dll
0x00007ffca1490000 - 0x00007ffca1554000 	C:\WINDOWS\System32\KERNEL32.DLL
0x00007ffca01e0000 - 0x00007ffca059a000 	C:\WINDOWS\System32\KERNELBASE.dll
0x00007ffc9ffa0000 - 0x00007ffca00b1000 	C:\WINDOWS\System32\ucrtbase.dll
0x00007ffc87aa0000 - 0x00007ffc87ab9000 	C:\Program Files\Java\jdk-21\bin\jli.dll
0x00007ffca1560000 - 0x00007ffca1612000 	C:\WINDOWS\System32\ADVAPI32.dll
0x00007ffc877e0000 - 0x00007ffc877fb000 	C:\Program Files\Java\jdk-21\bin\VCRUNTIME140.dll
0x00007ffca0fc0000 - 0x00007ffca1067000 	C:\WINDOWS\System32\msvcrt.dll
0x00007ffca0cf0000 - 0x00007ffca0d97000 	C:\WINDOWS\System32\sechost.dll
0x00007ffc9fd60000 - 0x00007ffc9fd88000 	C:\WINDOWS\System32\bcrypt.dll
0x00007ffca1370000 - 0x00007ffca1484000 	C:\WINDOWS\System32\RPCRT4.dll
0x00007ffca1070000 - 0x00007ffca121e000 	C:\WINDOWS\System32\USER32.dll
0x00007ffc9ff70000 - 0x00007ffc9ff96000 	C:\WINDOWS\System32\win32u.dll
0x00007ffca2850000 - 0x00007ffca2879000 	C:\WINDOWS\System32\GDI32.dll
0x00007ffc9fd90000 - 0x00007ffc9feab000 	C:\WINDOWS\System32\gdi32full.dll
0x00007ffca00c0000 - 0x00007ffca015a000 	C:\WINDOWS\System32\msvcp_win.dll
0x00007ffc81480000 - 0x00007ffc81712000 	C:\WINDOWS\WinSxS\amd64_microsoft.windows.common-controls_6595b64144ccf1df_6.0.22621.4541_none_2710d1c57384c085\COMCTL32.dll
0x00007ffc9f9c0000 - 0x00007ffc9f9ca000 	C:\WINDOWS\SYSTEM32\VERSION.dll
0x00007ffca1ec0000 - 0x00007ffca1ef1000 	C:\WINDOWS\System32\IMM32.DLL
0x0000000060b50000 - 0x0000000060b5d000 	C:\Program Files (x86)\360\360Safe\safemon\SafeWrapper.dll
0x00007ffc861f0000 - 0x00007ffc862f3000 	C:\Program Files (x86)\360\360Safe\safemon\libzdtp64.dll
0x00007ffca1630000 - 0x00007ffca1ea8000 	C:\WINDOWS\System32\SHELL32.dll
0x00007ffca2910000 - 0x00007ffca296e000 	C:\WINDOWS\System32\SHLWAPI.dll
0x00007ffc8a390000 - 0x00007ffc8a39c000 	C:\Program Files\Java\jdk-21\bin\vcruntime140_1.dll
0x00007ffc5cd70000 - 0x00007ffc5cdfe000 	C:\Program Files\Java\jdk-21\bin\msvcp140.dll
0x00007ffba1ba0000 - 0x00007ffba28b8000 	C:\Program Files\Java\jdk-21\bin\server\jvm.dll
0x00007ffca07e0000 - 0x00007ffca0851000 	C:\WINDOWS\System32\WS2_32.dll
0x00007ffc956e0000 - 0x00007ffc95714000 	C:\WINDOWS\SYSTEM32\WINMM.dll
0x00007ffc9eb40000 - 0x00007ffc9eb8d000 	C:\WINDOWS\SYSTEM32\POWRPROF.dll
0x00007ffc9eb20000 - 0x00007ffc9eb33000 	C:\WINDOWS\SYSTEM32\UMPDC.dll
0x00007ffc9ede0000 - 0x00007ffc9edf8000 	C:\WINDOWS\SYSTEM32\kernel.appcore.dll
0x00007ffc89630000 - 0x00007ffc8963a000 	C:\Program Files\Java\jdk-21\bin\jimage.dll
0x00007ffc9d320000 - 0x00007ffc9d552000 	C:\WINDOWS\SYSTEM32\DBGHELP.DLL
0x00007ffca2280000 - 0x00007ffca260f000 	C:\WINDOWS\System32\combase.dll
0x00007ffca2970000 - 0x00007ffca2a47000 	C:\WINDOWS\System32\OLEAUT32.dll
0x00007ffc98250000 - 0x00007ffc98282000 	C:\WINDOWS\SYSTEM32\dbgcore.DLL
0x00007ffca0160000 - 0x00007ffca01db000 	C:\WINDOWS\System32\bcryptPrimitives.dll
0x00007ffc882d0000 - 0x00007ffc882df000 	C:\Program Files\Java\jdk-21\bin\instrument.dll
0x00007ffc873b0000 - 0x00007ffc873cf000 	C:\Program Files\Java\jdk-21\bin\java.dll

dbghelp: loaded successfully - version: 4.0.5 - missing functions: none
symbol engine: initialized successfully - sym options: 0x614 - pdb path: .;C:\Program Files\Java\jdk-21\bin;C:\WINDOWS\SYSTEM32;C:\WINDOWS\WinSxS\amd64_microsoft.windows.common-controls_6595b64144ccf1df_6.0.22621.4541_none_2710d1c57384c085;C:\Program Files (x86)\360\360Safe\safemon;C:\Program Files\Java\jdk-21\bin\server

VM Arguments:
jvm_args: -XX:TieredStopAtLevel=1 -Xverify:none -Dspring.output.ansi.enabled=always -javaagent:C:\Software\IntelliJ IDEA 2020.3.4\lib\idea_rt.jar=50608:C:\Software\IntelliJ IDEA 2020.3.4\bin -Dcom.sun.management.jmxremote -Dspring.jmx.enabled=true -Dspring.liveBeansView.mbeanDomain -Dspring.application.admin.enabled=true -Dfile.encoding=UTF-8 
java_command: com.zlw.stroke.StrokeApplication
java_class_path (initial): D:\Workspace\idea\stroke\target\classes;C:\Software\apache-maven-3.6.3\maven-repository\org\springframework\boot\spring-boot-configuration-processor\2.3.7.RELEASE\spring-boot-configuration-processor-2.3.7.RELEASE.jar;C:\Software\apache-maven-3.6.3\maven-repository\org\rosuda\REngine\REngine\2.1.0\REngine-2.1.0.jar;C:\Software\apache-maven-3.6.3\maven-repository\org\rosuda\REngine\Rserve\1.8.1\Rserve-1.8.1.jar;C:\Software\apache-maven-3.6.3\maven-repository\org\springframework\boot\spring-boot-starter-jdbc\2.3.7.RELEASE\spring-boot-starter-jdbc-2.3.7.RELEASE.jar;C:\Software\apache-maven-3.6.3\maven-repository\org\springframework\boot\spring-boot-starter\2.3.7.RELEASE\spring-boot-starter-2.3.7.RELEASE.jar;C:\Software\apache-maven-3.6.3\maven-repository\org\springframework\boot\spring-boot-starter-logging\2.3.7.RELEASE\spring-boot-starter-logging-2.3.7.RELEASE.jar;C:\Software\apache-maven-3.6.3\maven-repository\ch\qos\logback\logback-classic\1.2.3\logback-classic-1.2.3.jar;C:\Software\apache-maven-3.6.3\maven-repository\ch\qos\logback\logback-core\1.2.3\logback-core-1.2.3.jar;C:\Software\apache-maven-3.6.3\maven-repository\org\apache\logging\log4j\log4j-to-slf4j\2.13.3\log4j-to-slf4j-2.13.3.jar;C:\Software\apache-maven-3.6.3\maven-repository\org\apache\logging\log4j\log4j-api\2.13.3\log4j-api-2.13.3.jar;C:\Software\apache-maven-3.6.3\maven-repository\org\slf4j\jul-to-slf4j\1.7.30\jul-to-slf4j-1.7.30.jar;C:\Software\apache-maven-3.6.3\maven-repository\org\yaml\snakeyaml\1.26\snakeyaml-1.26.jar;C:\Software\apache-maven-3.6.3\maven-repository\com\zaxxer\HikariCP\3.4.5\HikariCP-3.4.5.jar;C:\Software\apache-maven-3.6.3\maven-repository\org\slf4j\slf4j-api\1.7.30\slf4j-api-1.7.30.jar;C:\Software\apache-maven-3.6.3\maven-repository\org\springframework\spring-jdbc\5.2.12.RELEASE\spring-jdbc-5.2.12.RELEASE.jar;C:\Software\apache-maven-3.6.3\maven-repository\org\springframework\spring-beans\5.2.12.RELEASE\spring-beans-5.2.12.RELEASE.jar;C:\Software\apache-maven-3.6.3\maven-repository\org\springframework\spring-tx\5.2.12.RELEASE\spring-tx-5.2.12.RELEASE.jar;C:\Software\apache-maven-3.6.3\maven-repository\org\springframework\boot\spring-boot-starter-thymeleaf\2.3.7.RELEASE\spring-boot-starter-thymeleaf-2.3.7.RELEASE.jar;C:\Software\apache-maven-3.6.3\maven-repository\org\thymeleaf\thymeleaf-spring5\3.0.11.RELEASE\thymeleaf-spring5-3.0.11.RELEASE.jar;C:\Software\apache-maven-3.6.3\maven-repository\org\thymeleaf\thymeleaf\3.0.11.RELEASE\thymeleaf-3.0.11.RELEASE.jar;C:\Software\apache-maven-3.6.3\maven-repository\org\attoparser\attoparser\2.0.5.RELEASE\attoparser-2.0.5.RELEASE.jar;C:\Software\apache-maven-3.6.3\maven-repository\org\unbescape\unbescape\1.1.6.RELEASE\unbescape-1.1.6.RELEASE.jar;C:\Software\apache-maven-3.6.3\maven-repository\org\thymeleaf\extras\thymeleaf-extras-java8time\3.0.4.RELEASE\thymeleaf-extras-java8time-3.0.4.RELEASE.jar;C:\Software\apache-maven-3.6.3\maven-repository\org\springframework\boot\spring-boot-starter-web\2.3.7.RELEASE\spring-boot-starter-web-2.3.7.RELEASE.jar;C:\Software\apache-maven-3.6.3\maven-repository\org\springframework\boot\spring-boot-starter-json\2.3.7.RELEASE\spring-boot-starter-json-2.3.7.RELEASE.jar;C:\Software\apache-maven-3.6.3\maven-repository\com\fasterxml\jackson\core\jackson-databind\2.11.3\jackson-databind-2.11.3.jar;C:\Software\apache-maven-3.6.3\maven-repository\com\fasterxml\jackson\core\jackson-annotations\2.11.3\jackson-annotations-2.11.3.jar;C:\Software\apache-maven-3.6.3\maven-repository\com\fasterxml\jackson\core\jackson-core\2.11.3\jackson-core-2.11.3.jar;C:\Software\apache-maven-3.6.3\maven-repository\com\fasterxml\jackson\datatype\jackson-datatype-jdk8\2.11.3\jackson-datatype-jdk8-2.11.3.jar;C:\Software\apache-maven-3.6.3\maven-repository\com\fasterxml\jackson\datatype\jackson-datatype-jsr310\2.11.3\jackson-datatype-jsr310-2.11.3.jar;C:\Software\apache-maven-3.6.3\maven-repository\com\fasterxml\jackson\module\jackson-module-parameter-names\2.11.3\jackson-module-parameter-names-2.11.3.jar;C:\Software\apache-maven-3.6.3\maven-repository\org\springframework\spring-web\5.2.12.RELEASE\spring-web-5.2.12.RELEASE.jar;C:\Software\apache-maven-3.6.3\maven-repository\org\springframework\spring-webmvc\5.2.12.RELEASE\spring-webmvc-5.2.12.RELEASE.jar;C:\Software\apache-maven-3.6.3\maven-repository\org\springframework\spring-aop\5.2.12.RELEASE\spring-aop-5.2.12.RELEASE.jar;C:\Software\apache-maven-3.6.3\maven-repository\org\springframework\spring-context\5.2.12.RELEASE\spring-context-5.2.12.RELEASE.jar;C:\Software\apache-maven-3.6.3\maven-repository\org\springframework\spring-expression\5.2.12.RELEASE\spring-expression-5.2.12.RELEASE.jar;C:\Software\apache-maven-3.6.3\maven-repository\org\springframework\boot\spring-boot-starter-web-services\2.3.7.RELEASE\spring-boot-starter-web-services-2.3.7.RELEASE.jar;C:\Software\apache-maven-3.6.3\maven-repository\com\sun\xml\messaging\saaj\saaj-impl\1.5.2\saaj-impl-1.5.2.jar;C:\Software\apache-maven-3.6.3\maven-repository\jakarta\xml\soap\jakarta.xml.soap-api\1.4.2\jakarta.xml.soap-api-1.4.2.jar;C:\Software\apache-maven-3.6.3\maven-repository\org\jvnet\staxex\stax-ex\1.8.3\stax-ex-1.8.3.jar;C:\Software\apache-maven-3.6.3\maven-repository\com\sun\activation\jakarta.activation\1.2.2\jakarta.activation-1.2.2.jar;C:\Software\apache-maven-3.6.3\maven-repository\jakarta\xml\ws\jakarta.xml.ws-api\2.3.3\jakarta.xml.ws-api-2.3.3.jar;C:\Software\apache-maven-3.6.3\maven-repository\jakarta\jws\jakarta.jws-api\2.1.0\jakarta.jws-api-2.1.0.jar;C:\Software\apache-maven-3.6.3\maven-repository\org\springframework\spring-oxm\5.2.12.RELEASE\spring-oxm-5.2.12.RELEASE.jar;C:\Software\apache-maven-3.6.3\maven-repository\org\springframework\ws\spring-ws-core\3.0.9.RELEASE\spring-ws-core-3.0.9.RELEASE.jar;C:\Software\apache-maven-3.6.3\maven-repository\org\springframework\ws\spring-xml\3.0.9.RELEASE\spring-xml-3.0.9.RELEASE.jar;C:\Software\apache-maven-3.6.3\maven-repository\commons-io\commons-io\2.6\commons-io-2.6.jar;C:\Software\apache-maven-3.6.3\maven-repository\org\mybatis\spring\boot\mybatis-spring-boot-starter\2.1.4\mybatis-spring-boot-starter-2.1.4.jar;C:\Software\apache-maven-3.6.3\maven-repository\org\mybatis\spring\boot\mybatis-spring-boot-autoconfigure\2.1.4\mybatis-spring-boot-autoconfigure-2.1.4.jar;C:\Software\apache-maven-3.6.3\maven-repository\org\mybatis\mybatis\3.5.6\mybatis-3.5.6.jar;C:\Software\apache-maven-3.6.3\maven-repository\org\mybatis\mybatis-spring\2.0.6\mybatis-spring-2.0.6.jar;C:\Software\apache-maven-3.6.3\maven-repository\org\springframework\boot\spring-boot-devtools\2.3.7.RELEASE\spring-boot-devtools-2.3.7.RELEASE.jar;C:\Software\apache-maven-3.6.3\maven-repository\org\springframework\boot\spring-boot\2.3.7.RELEASE\spring-boot-2.3.7.RELEASE.jar;C:\Software\apache-maven-3.6.3\maven-repository\org\springframework\boot\spring-boot-autoconfigure\2.3.7.RELEASE\spring-boot-autoconfigure-2.3.7.RELEASE.jar;C:\Software\apache-maven-3.6.3\maven-repository\mysql\mysql-connector-java\8.0.18\mysql-connector-java-8.0.18.jar;C:\Software\apache-maven-3.6.3\maven-repository\org\springframework\boot\spring-boot-starter-tomcat\2.3.7.RELEASE\spring-boot-starter-tomcat-2.3.7.RELEASE.jar;C:\Software\apache-maven-3.6.3\maven-repository\jakarta\annotation\jakarta.annotation-api\1.3.5\jakarta.annotation-api-1.3.5.jar;C:\Software\apache-maven-3.6.3\maven-repository\org\apache\tomcat\embed\tomcat-embed-core\9.0.36\tomcat-embed-core-9.0.36.jar;C:\Software\apache-maven-3.6.3\maven-repository\org\glassfish\jakarta.el\3.0.3\jakarta.el-3.0.3.jar;C:\Software\apache-maven-3.6.3\maven-repository\org\apache\tomcat\embed\tomcat-embed-websocket\9.0.36\tomcat-embed-websocket-9.0.36.jar;C:\Software\apache-maven-3.6.3\maven-repository\com\github\pagehelper\pagehelper-spring-boot-starter\1.2.5\pagehelper-spring-boot-starter-1.2.5.jar;C:\Software\apache-maven-3.6.3\maven-repository\com\github\pagehelper\pagehelper-spring-boot-autoconfigure\1.2.5\pagehelper-spring-boot-autoconfigure-1.2.5.jar;C:\Software\apache-maven-3.6.3\maven-repository\com\github\pagehelper\pagehelper\5.1.4\pagehelper-5.1.4.jar;C:\Software\apache-maven-3.6.3\maven-repository\com\github\jsqlparser\jsqlparser\1.0\jsqlparser-1.0.jar;C:\Software\apache-maven-3.6.3\maven-repository\jakarta\xml\bind\jakarta.xml.bind-api\2.3.3\jakarta.xml.bind-api-2.3.3.jar;C:\Software\apache-maven-3.6.3\maven-repository\jakarta\activation\jakarta.activation-api\1.2.2\jakarta.activation-api-1.2.2.jar;C:\Software\apache-maven-3.6.3\maven-repository\org\springframework\spring-core\5.2.12.RELEASE\spring-core-5.2.12.RELEASE.jar;C:\Software\apache-maven-3.6.3\maven-repository\org\springframework\spring-jcl\5.2.12.RELEASE\spring-jcl-5.2.12.RELEASE.jar;C:\Software\apache-maven-3.6.3\maven-repository\commons-lang\commons-lang\2.6\commons-lang-2.6.jar;C:\Software\apache-maven-3.6.3\maven-repository\org\projectlombok\lombok\1.18.32\lombok-1.18.32.jar
Launcher Type: SUN_STANDARD

[Global flags]
     intx CICompilerCount                          = 12                                        {product} {ergonomic}
     uint ConcGCThreads                            = 4                                         {product} {ergonomic}
     uint G1ConcRefinementThreads                  = 15                                        {product} {ergonomic}
   size_t G1HeapRegionSize                         = 2097152                                   {product} {ergonomic}
    uintx GCDrainStackTargetSize                   = 64                                        {product} {ergonomic}
   size_t InitialHeapSize                          = 264241152                                 {product} {ergonomic}
     bool ManagementServer                         = true                                      {product} {command line}
   size_t MarkStackSize                            = 4194304                                   {product} {ergonomic}
   size_t MaxHeapSize                              = 4223664128                                {product} {ergonomic}
   size_t MinHeapDeltaBytes                        = 2097152                                   {product} {ergonomic}
   size_t MinHeapSize                              = 8388608                                   {product} {ergonomic}
    uintx NonNMethodCodeHeapSize                   = 4096                                   {pd product} {ergonomic}
    uintx NonProfiledCodeHeapSize                  = 0                                      {pd product} {ergonomic}
     bool ProfileInterpreter                       = false                                  {pd product} {command line}
    uintx ProfiledCodeHeapSize                     = 0                                      {pd product} {ergonomic}
   size_t SoftMaxHeapSize                          = 4223664128                             {manageable} {ergonomic}
     intx TieredStopAtLevel                        = 1                                         {product} {command line}
     bool UseCompressedOops                        = true                           {product lp64_product} {ergonomic}
     bool UseG1GC                                  = true                                      {product} {ergonomic}
     bool UseLargePagesIndividualAllocation        = false                                  {pd product} {ergonomic}

Logging:
Log output configuration:
 #0: stdout all=warning uptime,level,tags foldmultilines=false
 #1: stderr all=off uptime,level,tags foldmultilines=false

Environment Variables:
JAVA_HOME=C:\Program Files\Java\jdk-21
PATH=C:\Program Files\Common Files\Oracle\Java\javapath;C:\WINDOWS\system32;C:\WINDOWS;C:\WINDOWS\System32\Wbem;C:\WINDOWS\System32\WindowsPowerShell\v1.0\;C:\WINDOWS\System32\OpenSSH\;C:\Software\Xshell\;C:\Software\Xftp\;C:\Software\Git\cmd;C:\Program Files\Java\jdk-21\bin;C:\Program Files\MySQL\MySQL Server 8.0\bin;C:\Program Files\HDF_Group\HDF5\1.14.5\bin\;C:\Program Files\HDF_Group\HDF5\1.14.5\lib;C:\Program Files\MySQL\MySQL Shell 8.0\bin\;C:\Users\12634\AppData\Local\Microsoft\WindowsApps;C:\Software\Anaconda\Library\bin;C:\Software\Anaconda\Library\mingw-w64\bin;C:\Software\Anaconda\Scripts;C:\Software\IntelliJ IDEA 2020.3.4\bin;;C:\Software\apache-maven-3.6.3\bin
USERNAME=12634
OS=Windows_NT
PROCESSOR_IDENTIFIER=Intel64 Family 6 Model 154 Stepping 3, GenuineIntel
TMP=C:\Users\12634\AppData\Local\Temp
TEMP=C:\Users\12634\AppData\Local\Temp




Periodic native trim disabled

---------------  S Y S T E M  ---------------

OS:
 Windows 11 , 64 bit Build 22621 (10.0.22621.4391)
OS uptime: 16 days 1:10 hours
Hyper-V role detected

CPU: total 20 (initial active 20) (10 cores per cpu, 2 threads per core) family 6 model 154 stepping 3 microcode 0x41b, cx8, cmov, fxsr, ht, mmx, 3dnowpref, sse, sse2, sse3, ssse3, sse4.1, sse4.2, popcnt, lzcnt, tsc, tscinvbit, avx, avx2, aes, erms, clmul, bmi1, bmi2, adx, sha, fma, vzeroupper, clflush, clflushopt, clwb, hv, serialize, rdtscp, rdpid, fsrm, f16c, cet_ibt, cet_ss
Processor Information for processor 0
  Max Mhz: 2500, Current Mhz: 2500, Mhz Limit: 2500
Processor Information for processor 1
  Max Mhz: 2500, Current Mhz: 2500, Mhz Limit: 2500
Processor Information for processor 2
  Max Mhz: 2500, Current Mhz: 1532, Mhz Limit: 2500
Processor Information for processor 3
  Max Mhz: 2500, Current Mhz: 2500, Mhz Limit: 2500
Processor Information for processor 4
  Max Mhz: 2500, Current Mhz: 2500, Mhz Limit: 2500
Processor Information for processor 5
  Max Mhz: 2500, Current Mhz: 2500, Mhz Limit: 2500
Processor Information for processor 6
  Max Mhz: 2500, Current Mhz: 2500, Mhz Limit: 2500
Processor Information for processor 7
  Max Mhz: 2500, Current Mhz: 2500, Mhz Limit: 2500
Processor Information for processor 8
  Max Mhz: 2500, Current Mhz: 2500, Mhz Limit: 2500
Processor Information for processor 9
  Max Mhz: 2500, Current Mhz: 2500, Mhz Limit: 2500
Processor Information for processor 10
  Max Mhz: 2500, Current Mhz: 2500, Mhz Limit: 2500
Processor Information for processor 11
  Max Mhz: 2500, Current Mhz: 2500, Mhz Limit: 2500
Processor Information for processor 12
  Max Mhz: 1800, Current Mhz: 1800, Mhz Limit: 1800
Processor Information for processor 13
  Max Mhz: 1800, Current Mhz: 1800, Mhz Limit: 1800
Processor Information for processor 14
  Max Mhz: 1800, Current Mhz: 1500, Mhz Limit: 1800
Processor Information for processor 15
  Max Mhz: 1800, Current Mhz: 1500, Mhz Limit: 1800
Processor Information for processor 16
  Max Mhz: 1800, Current Mhz: 1800, Mhz Limit: 1800
Processor Information for processor 17
  Max Mhz: 1800, Current Mhz: 1800, Mhz Limit: 1800
Processor Information for processor 18
  Max Mhz: 1800, Current Mhz: 1800, Mhz Limit: 1800
Processor Information for processor 19
  Max Mhz: 1800, Current Mhz: 1800, Mhz Limit: 1800

Memory: 4k page, system-wide physical 16108M (371M free)
TotalPageFile size 41708M (AvailPageFile size 71M)
current process WorkingSet (physical memory assigned to process): 13M, peak: 13M
current process commit charge ("private bytes"): 71M, peak: 322M

vm_info: Java HotSpot(TM) 64-Bit Server VM (21.0.5+9-LTS-239) for windows-amd64 JRE (21.0.5+9-LTS-239), built on 2024-09-30T05:17:38Z by "mach5one" with MS VC++ 17.6 (VS2022)

END.
