#
# There is insufficient memory for the Java Runtime Environment to continue.
# Native memory allocation (mmap) failed to map 100663296 bytes for G1 virtual space
# Possible reasons:
#   The system is out of physical RAM or swap space
#   The process is running with CompressedOops enabled, and the Java Heap may be blocking the growth of the native heap
# Possible solutions:
#   Reduce memory load on the system
#   Increase physical memory or swap space
#   Check if swap backing store is full
#   Decrease Java heap size (-Xmx/-Xms)
#   Decrease number of Java threads
#   Decrease Java thread stack sizes (-Xss)
#   Set larger code cache with -XX:ReservedCodeCacheSize=
#   JVM is running with Zero Based Compressed Oops mode in which the Java heap is
#     placed in the first 32GB address space. The Java Heap base address is the
#     maximum limit for the native heap growth. Please use -XX:HeapBaseMinAddress
#     to set the Java Heap base and to place the Java Heap above 32GB virtual address.
# This output file may be truncated or incomplete.
#
#  Out of Memory Error (os_windows.cpp:3600), pid=142400, tid=142712
#
# JRE version: Java(TM) SE Runtime Environment (21.0.5+9) (build 21.0.5+9-LTS-239)
# Java VM: Java HotSpot(TM) 64-Bit Server VM (21.0.5+9-LTS-239, mixed mode, emulated-client, sharing, tiered, compressed oops, compressed class ptrs, g1 gc, windows-amd64)
# No core dump will be written. Minidumps are not enabled by default on client versions of Windows
#

---------------  S U M M A R Y ------------

Command Line: -XX:TieredStopAtLevel=1 -Xverify:none -Dspring.output.ansi.enabled=always -javaagent:C:\Software\IntelliJ IDEA 2020.3.4\lib\idea_rt.jar=60898:C:\Software\IntelliJ IDEA 2020.3.4\bin -Dcom.sun.management.jmxremote -Dspring.jmx.enabled=true -Dspring.liveBeansView.mbeanDomain -Dspring.application.admin.enabled=true -Dfile.encoding=UTF-8 com.zlw.stroke.StrokeApplication

Host: 12th Gen Intel(R) Core(TM) i9-12900H, 20 cores, 15G,  Windows 11 , 64 bit Build 26100 (10.0.26100.6725)
Time: Wed Dec 17 22:52:51 2025  Windows 11 , 64 bit Build 26100 (10.0.26100.6725) elapsed time: 11151.724540 seconds (0d 3h 5m 51s)

---------------  T H R E A D  ---------------

Current thread (0x000001dbce7e7db0):  VMThread "VM Thread"          [id=142712, stack(0x0000003067500000,0x0000003067600000) (1024K)]

Stack: [0x0000003067500000,0x0000003067600000]
Native frames: (J=compiled Java code, j=interpreted, Vv=VM code, C=native code)
V  [jvm.dll+0x6ca289]
V  [jvm.dll+0x854a51]
V  [jvm.dll+0x856f7e]
V  [jvm.dll+0x857653]
V  [jvm.dll+0x27dd26]
V  [jvm.dll+0x6c6a25]
V  [jvm.dll+0x6bb5aa]
V  [jvm.dll+0x35359a]
V  [jvm.dll+0x35b1f6]
V  [jvm.dll+0x3adade]
V  [jvm.dll+0x3add88]
V  [jvm.dll+0x3278fc]
V  [jvm.dll+0x327987]
V  [jvm.dll+0x36c26c]
V  [jvm.dll+0x36aabe]
V  [jvm.dll+0x3270c1]
V  [jvm.dll+0x36a1da]
V  [jvm.dll+0x85d420]
V  [jvm.dll+0x85e7a4]
V  [jvm.dll+0x85ece0]
V  [jvm.dll+0x85ef83]
V  [jvm.dll+0x7fee9b]
V  [jvm.dll+0x6c896d]
C  [ucrtbase.dll+0x37b0]
C  [KERNEL32.DLL+0x2e8d7]
C  [ntdll.dll+0x8c53c]

VM_Operation (0x000000306a3fb280): G1CollectForAllocation, mode: safepoint, requested by thread 0x000001dc15d44cf0


---------------  P R O C E S S  ---------------

Threads class SMR info:
_java_thread_list=0x000001dc1659eb00, length=36, elements={
0x000001dbce80cac0, 0x000001dbce80d320, 0x000001dbce8107b0, 0x000001dbce810e10,
0x000001dbce815480, 0x000001dbce815ae0, 0x000001dbce816140, 0x000001dc141445c0,
0x000001dc144cffd0, 0x000001dc144d1640, 0x000001dc1470ddc0, 0x000001dc151ddb70,
0x000001dc15a960d0, 0x000001dc15a96df0, 0x000001dc15a93970, 0x000001dc15a94000,
0x000001dc15a94690, 0x000001dc15a96760, 0x000001dc15a94d20, 0x000001dc15a953b0,
0x000001dc15a95a40, 0x000001dc15d43940, 0x000001dc15d44cf0, 0x000001dc15d42590,
0x000001dc15d460a0, 0x000001dc15d45a10, 0x000001dc15d42c20, 0x000001dc15d46730,
0x000001dc15d43fd0, 0x000001dc15d44660, 0x000001dc15d45380, 0x000001dc15d432b0,
0x000001dc15d47450, 0x000001dc147d9930, 0x000001dc147da000, 0x000001dc147d8b90
}

Java Threads: ( => current thread )
  0x000001dbce80cac0 JavaThread "Reference Handler"          daemon [_thread_blocked, id=137332, stack(0x0000003067600000,0x0000003067700000) (1024K)]
  0x000001dbce80d320 JavaThread "Finalizer"                  daemon [_thread_blocked, id=160436, stack(0x0000003067700000,0x0000003067800000) (1024K)]
  0x000001dbce8107b0 JavaThread "Signal Dispatcher"          daemon [_thread_blocked, id=146852, stack(0x0000003067800000,0x0000003067900000) (1024K)]
  0x000001dbce810e10 JavaThread "Attach Listener"            daemon [_thread_blocked, id=137412, stack(0x0000003067900000,0x0000003067a00000) (1024K)]
  0x000001dbce815480 JavaThread "Service Thread"             daemon [_thread_blocked, id=151452, stack(0x0000003067a00000,0x0000003067b00000) (1024K)]
  0x000001dbce815ae0 JavaThread "Monitor Deflation Thread"   daemon [_thread_blocked, id=160116, stack(0x0000003067b00000,0x0000003067c00000) (1024K)]
  0x000001dbce816140 JavaThread "C1 CompilerThread0"         daemon [_thread_blocked, id=160680, stack(0x0000003067c00000,0x0000003067d00000) (1024K)]
  0x000001dc141445c0 JavaThread "Common-Cleaner"             daemon [_thread_blocked, id=159508, stack(0x0000003067e00000,0x0000003067f00000) (1024K)]
  0x000001dc144cffd0 JavaThread "Monitor Ctrl-Break"         daemon [_thread_in_native, id=159400, stack(0x0000003067f00000,0x0000003068000000) (1024K)]
  0x000001dc144d1640 JavaThread "Notification Thread"        daemon [_thread_blocked, id=152760, stack(0x0000003068000000,0x0000003068100000) (1024K)]
  0x000001dc1470ddc0 JavaThread "RMI TCP Accept-0"           daemon [_thread_in_native, id=123708, stack(0x0000003068300000,0x0000003068400000) (1024K)]
  0x000001dc151ddb70 JavaThread "RMI Scheduler(0)"           daemon [_thread_blocked, id=152840, stack(0x0000003069500000,0x0000003069600000) (1024K)]
  0x000001dc15a960d0 JavaThread "Catalina-utility-1"                [_thread_blocked, id=157664, stack(0x0000003069900000,0x0000003069a00000) (1024K)]
  0x000001dc15a96df0 JavaThread "Catalina-utility-2"                [_thread_blocked, id=159660, stack(0x0000003069a00000,0x0000003069b00000) (1024K)]
  0x000001dc15a93970 JavaThread "container-0"                       [_thread_blocked, id=158736, stack(0x0000003069b00000,0x0000003069c00000) (1024K)]
  0x000001dc15a94000 JavaThread "mysql-cj-abandoned-connection-cleanup" daemon [_thread_blocked, id=156936, stack(0x0000003069c00000,0x0000003069d00000) (1024K)]
  0x000001dc15a94690 JavaThread "File Watcher"               daemon [_thread_blocked, id=160080, stack(0x0000003069d00000,0x0000003069e00000) (1024K)]
  0x000001dc15a96760 JavaThread "Live Reload Server"         daemon [_thread_in_native, id=162024, stack(0x0000003069f00000,0x000000306a000000) (1024K)]
  0x000001dc15a94d20 JavaThread "http-nio-8080-BlockPoller"  daemon [_thread_blocked, id=154116, stack(0x0000003069e00000,0x0000003069f00000) (1024K)]
  0x000001dc15a953b0 JavaThread "http-nio-8080-exec-1"       daemon [_thread_blocked, id=159580, stack(0x000000306a000000,0x000000306a100000) (1024K)]
  0x000001dc15a95a40 JavaThread "http-nio-8080-exec-2"       daemon [_thread_blocked, id=163100, stack(0x000000306a100000,0x000000306a200000) (1024K)]
  0x000001dc15d43940 JavaThread "http-nio-8080-exec-3"       daemon [_thread_blocked, id=151844, stack(0x000000306a200000,0x000000306a300000) (1024K)]
  0x000001dc15d44cf0 JavaThread "http-nio-8080-exec-4"       daemon [_thread_blocked, id=164096, stack(0x000000306a300000,0x000000306a400000) (1024K)]
  0x000001dc15d42590 JavaThread "http-nio-8080-exec-5"       daemon [_thread_blocked, id=162520, stack(0x000000306a400000,0x000000306a500000) (1024K)]
  0x000001dc15d460a0 JavaThread "http-nio-8080-exec-6"       daemon [_thread_blocked, id=131896, stack(0x000000306a500000,0x000000306a600000) (1024K)]
  0x000001dc15d45a10 JavaThread "http-nio-8080-exec-7"       daemon [_thread_blocked, id=152060, stack(0x000000306a600000,0x000000306a700000) (1024K)]
  0x000001dc15d42c20 JavaThread "http-nio-8080-exec-8"       daemon [_thread_blocked, id=163764, stack(0x000000306a700000,0x000000306a800000) (1024K)]
  0x000001dc15d46730 JavaThread "http-nio-8080-exec-9"       daemon [_thread_blocked, id=154356, stack(0x000000306a800000,0x000000306a900000) (1024K)]
  0x000001dc15d43fd0 JavaThread "http-nio-8080-exec-10"      daemon [_thread_blocked, id=164240, stack(0x000000306a900000,0x000000306aa00000) (1024K)]
  0x000001dc15d44660 JavaThread "http-nio-8080-ClientPoller" daemon [_thread_blocked, id=164476, stack(0x000000306aa00000,0x000000306ab00000) (1024K)]
  0x000001dc15d45380 JavaThread "http-nio-8080-Acceptor"     daemon [_thread_in_native, id=141452, stack(0x000000306ab00000,0x000000306ac00000) (1024K)]
  0x000001dc15d432b0 JavaThread "DestroyJavaVM"                     [_thread_blocked, id=86044, stack(0x0000003066e00000,0x0000003066f00000) (1024K)]
  0x000001dc15d47450 JavaThread "defaultDataSource housekeeper" daemon [_thread_blocked, id=150400, stack(0x000000306ad00000,0x000000306ae00000) (1024K)]
  0x000001dc147d9930 JavaThread "C1 CompilerThread1"         daemon [_thread_blocked, id=159032, stack(0x0000003066b00000,0x0000003066c00000) (1024K)]
  0x000001dc147da000 JavaThread "C1 CompilerThread2"         daemon [_thread_blocked, id=165396, stack(0x0000003066c00000,0x0000003066d00000) (1024K)]
  0x000001dc147d8b90 JavaThread "C1 CompilerThread3"         daemon [_thread_blocked, id=161692, stack(0x0000003066d00000,0x0000003066e00000) (1024K)]
Total: 36

Other Threads:
=>0x000001dbce7e7db0 VMThread "VM Thread"                           [id=142712, stack(0x0000003067500000,0x0000003067600000) (1024K)]
  0x000001dbce7d6f20 WatcherThread "VM Periodic Task Thread"        [id=137744, stack(0x0000003067400000,0x0000003067500000) (1024K)]
  0x000001dbbaf40c00 WorkerThread "GC Thread#0"                     [id=152676, stack(0x0000003066f00000,0x0000003067000000) (1024K)]
  0x000001dc14903590 WorkerThread "GC Thread#1"                     [id=156220, stack(0x0000003068400000,0x0000003068500000) (1024K)]
  0x000001dc14903930 WorkerThread "GC Thread#2"                     [id=164024, stack(0x0000003068500000,0x0000003068600000) (1024K)]
  0x000001dc14903cd0 WorkerThread "GC Thread#3"                     [id=160580, stack(0x0000003068600000,0x0000003068700000) (1024K)]
  0x000001dc14904070 WorkerThread "GC Thread#4"                     [id=158716, stack(0x0000003068700000,0x0000003068800000) (1024K)]
  0x000001dc148ce080 WorkerThread "GC Thread#5"                     [id=156848, stack(0x0000003068800000,0x0000003068900000) (1024K)]
  0x000001dc14ae48c0 WorkerThread "GC Thread#6"                     [id=155380, stack(0x0000003068900000,0x0000003068a00000) (1024K)]
  0x000001dc14ae5c70 WorkerThread "GC Thread#7"                     [id=159684, stack(0x0000003068a00000,0x0000003068b00000) (1024K)]
  0x000001dc14ae6010 WorkerThread "GC Thread#8"                     [id=159452, stack(0x0000003068b00000,0x0000003068c00000) (1024K)]
  0x000001dc14be1370 WorkerThread "GC Thread#9"                     [id=162420, stack(0x0000003068f00000,0x0000003069000000) (1024K)]
  0x000001dc14be0890 WorkerThread "GC Thread#10"                    [id=160468, stack(0x0000003069000000,0x0000003069100000) (1024K)]
  0x000001dc14be1ab0 WorkerThread "GC Thread#11"                    [id=155240, stack(0x0000003069100000,0x0000003069200000) (1024K)]
  0x000001dc14be1e50 WorkerThread "GC Thread#12"                    [id=162484, stack(0x0000003069200000,0x0000003069300000) (1024K)]
  0x000001dc14be1710 WorkerThread "GC Thread#13"                    [id=153740, stack(0x0000003069300000,0x0000003069400000) (1024K)]
  0x000001dc14be0fd0 WorkerThread "GC Thread#14"                    [id=138164, stack(0x0000003068e00000,0x0000003068f00000) (1024K)]
  0x000001dbbaf51ab0 ConcurrentGCThread "G1 Main Marker"            [id=142056, stack(0x0000003067000000,0x0000003067100000) (1024K)]
  0x000001dbbaf53fd0 WorkerThread "G1 Conc#0"                       [id=145828, stack(0x0000003067100000,0x0000003067200000) (1024K)]
  0x000001dc15491740 WorkerThread "G1 Conc#1"                       [id=158668, stack(0x0000003069600000,0x0000003069700000) (1024K)]
  0x000001dc154908c0 WorkerThread "G1 Conc#2"                       [id=148632, stack(0x0000003069700000,0x0000003069800000) (1024K)]
  0x000001dc154925c0 WorkerThread "G1 Conc#3"                       [id=136116, stack(0x0000003069800000,0x0000003069900000) (1024K)]
  0x000001dbce6ab7f0 ConcurrentGCThread "G1 Refine#0"               [id=126416, stack(0x0000003067200000,0x0000003067300000) (1024K)]
  0x000001dbce6abe10 ConcurrentGCThread "G1 Service"                [id=159776, stack(0x0000003067300000,0x0000003067400000) (1024K)]
Total: 24

Threads with active compile tasks:
Total: 0

VM state: at safepoint (normal execution)

VM Mutex/Monitor currently owned by a thread:  ([mutex/lock_event])
[0x00007ffd8c8fbe98] Threads_lock - owner thread: 0x000001dbce7e7db0
[0x00007ffd8c8fbf98] Heap_lock - owner thread: 0x000001dc15d44cf0

Heap address: 0x0000000704400000, size: 4028 MB, Compressed Oops mode: Zero based, Oop shift amount: 3

CDS archive(s) mapped at: [0x000001dbcf000000-0x000001dbcfc90000-0x000001dbcfc90000), size 13172736, SharedBaseAddress: 0x000001dbcf000000, ArchiveRelocationMode: 1.
Compressed class space mapped at: 0x000001dbd0000000-0x000001dc10000000, reserved size: 1073741824
Narrow klass base: 0x000001dbcf000000, Narrow klass shift: 0, Narrow klass range: 0x100000000

GC Precious Log:
 CardTable entry size: 512
 Card Set container configuration: InlinePtr #cards 4 size 8 Array Of Cards #cards 16 size 48 Howl #buckets 8 coarsen threshold 3686 Howl Bitmap #cards 512 size 80 coarsen threshold 460 Card regions per heap region 1 cards per card region 4096
 CPUs: 20 total, 20 available
 Memory: 16108M
 Large Page Support: Disabled
 NUMA Support: Disabled
 Compressed Oops: Enabled (Zero based)
 Heap Region Size: 2M
 Heap Min Capacity: 8M
 Heap Initial Capacity: 252M
 Heap Max Capacity: 4028M
 Pre-touch: Disabled
 Parallel Workers: 15
 Concurrent Workers: 4
 Concurrent Refinement Workers: 15
 Periodic GC: Disabled

Heap:
 garbage-first heap   total 208896K, used 106321K [0x0000000704400000, 0x0000000800000000)
  region size 2048K, 4 young (8192K), 4 survivors (8192K)
 Metaspace       used 44822K, committed 45312K, reserved 1114112K
  class space    used 5592K, committed 5824K, reserved 1048576K

Heap Regions: E=young(eden), S=young(survivor), O=old, HS=humongous(starts), HC=humongous(continues), CS=collection set, F=free, TAMS=top-at-mark-start, PB=parsable bottom
|   0|0x0000000704400000, 0x0000000704600000, 0x0000000704600000|100%| O|  |TAMS 0x0000000704600000| PB 0x0000000704400000| Untracked 
|   1|0x0000000704600000, 0x0000000704800000, 0x0000000704800000|100%| O|  |TAMS 0x0000000704800000| PB 0x0000000704600000| Untracked 
|   2|0x0000000704800000, 0x0000000704a00000, 0x0000000704a00000|100%| O|  |TAMS 0x0000000704a00000| PB 0x0000000704800000| Untracked 
|   3|0x0000000704a00000, 0x0000000704c00000, 0x0000000704c00000|100%| O|  |TAMS 0x0000000704c00000| PB 0x0000000704a00000| Untracked 
|   4|0x0000000704c00000, 0x0000000704e00000, 0x0000000704e00000|100%| O|  |TAMS 0x0000000704e00000| PB 0x0000000704c00000| Untracked 
|   5|0x0000000704e00000, 0x0000000705000000, 0x0000000705000000|100%| O|  |TAMS 0x0000000705000000| PB 0x0000000704e00000| Untracked 
|   6|0x0000000705000000, 0x0000000705200000, 0x0000000705200000|100%| O|  |TAMS 0x0000000705200000| PB 0x0000000705000000| Untracked 
|   7|0x0000000705200000, 0x0000000705400000, 0x0000000705400000|100%| O|  |TAMS 0x0000000705200000| PB 0x0000000705200000| Untracked 
|   8|0x0000000705400000, 0x0000000705600000, 0x0000000705600000|100%| O|  |TAMS 0x0000000705600000| PB 0x0000000705400000| Untracked 
|   9|0x0000000705600000, 0x0000000705800000, 0x0000000705800000|100%| O|  |TAMS 0x0000000705800000| PB 0x0000000705600000| Untracked 
|  10|0x0000000705800000, 0x0000000705a00000, 0x0000000705a00000|100%| O|  |TAMS 0x0000000705a00000| PB 0x0000000705800000| Untracked 
|  11|0x0000000705a00000, 0x0000000705c00000, 0x0000000705c00000|100%| O|  |TAMS 0x0000000705c00000| PB 0x0000000705a00000| Untracked 
|  12|0x0000000705c00000, 0x0000000705e00000, 0x0000000705e00000|100%| O|  |TAMS 0x0000000705e00000| PB 0x0000000705c00000| Untracked 
|  13|0x0000000705e00000, 0x0000000706000000, 0x0000000706000000|100%| O|  |TAMS 0x0000000706000000| PB 0x0000000705e00000| Untracked 
|  14|0x0000000706000000, 0x0000000706200000, 0x0000000706200000|100%| O|  |TAMS 0x0000000706200000| PB 0x0000000706000000| Untracked 
|  15|0x0000000706200000, 0x0000000706400000, 0x0000000706400000|100%| O|  |TAMS 0x0000000706400000| PB 0x0000000706200000| Untracked 
|  16|0x0000000706400000, 0x0000000706600000, 0x0000000706600000|100%| O|  |TAMS 0x0000000706400000| PB 0x0000000706400000| Untracked 
|  17|0x0000000706600000, 0x0000000706800000, 0x0000000706800000|100%| O|  |TAMS 0x0000000706600000| PB 0x0000000706600000| Untracked 
|  18|0x0000000706800000, 0x0000000706a00000, 0x0000000706a00000|100%| O|  |TAMS 0x0000000706a00000| PB 0x0000000706800000| Untracked 
|  19|0x0000000706a00000, 0x0000000706c00000, 0x0000000706c00000|100%| O|  |TAMS 0x0000000706c00000| PB 0x0000000706a00000| Untracked 
|  20|0x0000000706c00000, 0x0000000706e00000, 0x0000000706e00000|100%| O|  |TAMS 0x0000000706e00000| PB 0x0000000706c00000| Untracked 
|  21|0x0000000706e00000, 0x0000000707000000, 0x0000000707000000|100%| O|  |TAMS 0x0000000707000000| PB 0x0000000706e00000| Untracked 
|  22|0x0000000707000000, 0x0000000707200000, 0x0000000707200000|100%| O|  |TAMS 0x0000000707200000| PB 0x0000000707000000| Untracked 
|  23|0x0000000707200000, 0x0000000707400000, 0x0000000707400000|100%| O|  |TAMS 0x0000000707400000| PB 0x0000000707200000| Untracked 
|  24|0x0000000707400000, 0x0000000707600000, 0x0000000707600000|100%| O|  |TAMS 0x0000000707600000| PB 0x0000000707400000| Untracked 
|  25|0x0000000707600000, 0x0000000707800000, 0x0000000707800000|100%| O|  |TAMS 0x0000000707800000| PB 0x0000000707600000| Untracked 
|  26|0x0000000707800000, 0x0000000707a00000, 0x0000000707a00000|100%| O|  |TAMS 0x0000000707a00000| PB 0x0000000707800000| Untracked 
|  27|0x0000000707a00000, 0x0000000707c00000, 0x0000000707c00000|100%| O|  |TAMS 0x0000000707c00000| PB 0x0000000707a00000| Untracked 
|  28|0x0000000707c00000, 0x0000000707e00000, 0x0000000707e00000|100%| O|  |TAMS 0x0000000707e00000| PB 0x0000000707c00000| Untracked 
|  29|0x0000000707e00000, 0x0000000708000000, 0x0000000708000000|100%| O|  |TAMS 0x0000000707fb70b8| PB 0x0000000707e00000| Untracked 
|  30|0x0000000708000000, 0x0000000708200000, 0x0000000708200000|100%| O|  |TAMS 0x0000000708200000| PB 0x0000000708000000| Untracked 
|  31|0x0000000708200000, 0x00000007082a3fc0, 0x0000000708400000| 32%| O|  |TAMS 0x0000000708200000| PB 0x0000000708200000| Untracked 
|  32|0x0000000708400000, 0x0000000708400000, 0x0000000708600000|  0%| F|  |TAMS 0x0000000708400000| PB 0x0000000708400000| Untracked 
|  33|0x0000000708600000, 0x0000000708800000, 0x0000000708800000|100%| O|  |TAMS 0x0000000708800000| PB 0x0000000708600000| Untracked 
|  34|0x0000000708800000, 0x0000000708a00000, 0x0000000708a00000|100%| O|  |TAMS 0x0000000708a00000| PB 0x0000000708800000| Untracked 
|  35|0x0000000708a00000, 0x0000000708a00000, 0x0000000708c00000|  0%| F|  |TAMS 0x0000000708a00000| PB 0x0000000708a00000| Untracked 
|  36|0x0000000708c00000, 0x0000000708c00000, 0x0000000708e00000|  0%| F|  |TAMS 0x0000000708c00000| PB 0x0000000708c00000| Untracked 
|  37|0x0000000708e00000, 0x0000000708e00000, 0x0000000709000000|  0%| F|  |TAMS 0x0000000708e00000| PB 0x0000000708e00000| Untracked 
|  38|0x0000000709000000, 0x0000000709000000, 0x0000000709200000|  0%| F|  |TAMS 0x0000000709000000| PB 0x0000000709000000| Untracked 
|  39|0x0000000709200000, 0x0000000709200000, 0x0000000709400000|  0%| F|  |TAMS 0x0000000709200000| PB 0x0000000709200000| Untracked 
|  40|0x0000000709400000, 0x0000000709400000, 0x0000000709600000|  0%| F|  |TAMS 0x0000000709400000| PB 0x0000000709400000| Untracked 
|  41|0x0000000709600000, 0x0000000709600000, 0x0000000709800000|  0%| F|  |TAMS 0x0000000709600000| PB 0x0000000709600000| Untracked 
|  42|0x0000000709800000, 0x0000000709a00000, 0x0000000709a00000|100%| O|  |TAMS 0x0000000709a00000| PB 0x0000000709800000| Untracked 
|  43|0x0000000709a00000, 0x0000000709c00000, 0x0000000709c00000|100%| O|  |TAMS 0x0000000709c00000| PB 0x0000000709a00000| Untracked 
|  44|0x0000000709c00000, 0x0000000709e00000, 0x0000000709e00000|100%| O|  |TAMS 0x0000000709e00000| PB 0x0000000709c00000| Untracked 
|  45|0x0000000709e00000, 0x000000070a000000, 0x000000070a000000|100%| O|  |TAMS 0x000000070a000000| PB 0x0000000709e00000| Untracked 
|  46|0x000000070a000000, 0x000000070a200000, 0x000000070a200000|100%| O|  |TAMS 0x000000070a200000| PB 0x000000070a000000| Untracked 
|  47|0x000000070a200000, 0x000000070a400000, 0x000000070a400000|100%| O|  |TAMS 0x000000070a400000| PB 0x000000070a200000| Untracked 
|  48|0x000000070a400000, 0x000000070a400000, 0x000000070a600000|  0%| F|  |TAMS 0x000000070a400000| PB 0x000000070a400000| Untracked 
|  49|0x000000070a600000, 0x000000070a600000, 0x000000070a800000|  0%| F|  |TAMS 0x000000070a600000| PB 0x000000070a600000| Untracked 
|  50|0x000000070a800000, 0x000000070a930580, 0x000000070aa00000| 59%| S|CS|TAMS 0x000000070a800000| PB 0x000000070a800000| Complete 
|  51|0x000000070aa00000, 0x000000070ac00000, 0x000000070ac00000|100%| S|CS|TAMS 0x000000070aa00000| PB 0x000000070aa00000| Complete 
|  52|0x000000070ac00000, 0x000000070ac00000, 0x000000070ae00000|  0%| F|  |TAMS 0x000000070ac00000| PB 0x000000070ac00000| Untracked 
|  53|0x000000070ae00000, 0x000000070ae00000, 0x000000070b000000|  0%| F|  |TAMS 0x000000070ae00000| PB 0x000000070ae00000| Untracked 
|  54|0x000000070b000000, 0x000000070b000000, 0x000000070b200000|  0%| F|  |TAMS 0x000000070b000000| PB 0x000000070b000000| Untracked 
|  55|0x000000070b200000, 0x000000070b200000, 0x000000070b400000|  0%| F|  |TAMS 0x000000070b200000| PB 0x000000070b200000| Untracked 
|  56|0x000000070b400000, 0x000000070b600000, 0x000000070b600000|100%| S|CS|TAMS 0x000000070b400000| PB 0x000000070b400000| Complete 
|  57|0x000000070b600000, 0x000000070b800000, 0x000000070b800000|100%| S|CS|TAMS 0x000000070b600000| PB 0x000000070b600000| Complete 
|  58|0x000000070b800000, 0x000000070b800000, 0x000000070ba00000|  0%| F|  |TAMS 0x000000070b800000| PB 0x000000070b800000| Untracked 
|  59|0x000000070ba00000, 0x000000070ba00000, 0x000000070bc00000|  0%| F|  |TAMS 0x000000070ba00000| PB 0x000000070ba00000| Untracked 
|  60|0x000000070bc00000, 0x000000070bc00000, 0x000000070be00000|  0%| F|  |TAMS 0x000000070bc00000| PB 0x000000070bc00000| Untracked 
|  61|0x000000070be00000, 0x000000070be00000, 0x000000070c000000|  0%| F|  |TAMS 0x000000070be00000| PB 0x000000070be00000| Untracked 
|  62|0x000000070c000000, 0x000000070c000000, 0x000000070c200000|  0%| F|  |TAMS 0x000000070c000000| PB 0x000000070c000000| Untracked 
|  63|0x000000070c200000, 0x000000070c200000, 0x000000070c400000|  0%| F|  |TAMS 0x000000070c200000| PB 0x000000070c200000| Untracked 
|  64|0x000000070c400000, 0x000000070c400000, 0x000000070c600000|  0%| F|  |TAMS 0x000000070c400000| PB 0x000000070c400000| Untracked 
|  65|0x000000070c600000, 0x000000070c600000, 0x000000070c800000|  0%| F|  |TAMS 0x000000070c600000| PB 0x000000070c600000| Untracked 
|  66|0x000000070c800000, 0x000000070c800000, 0x000000070ca00000|  0%| F|  |TAMS 0x000000070c800000| PB 0x000000070c800000| Untracked 
|  67|0x000000070ca00000, 0x000000070ca00000, 0x000000070cc00000|  0%| F|  |TAMS 0x000000070ca00000| PB 0x000000070ca00000| Untracked 
|  68|0x000000070cc00000, 0x000000070cc00000, 0x000000070ce00000|  0%| F|  |TAMS 0x000000070cc00000| PB 0x000000070cc00000| Untracked 
|  69|0x000000070ce00000, 0x000000070ce00000, 0x000000070d000000|  0%| F|  |TAMS 0x000000070ce00000| PB 0x000000070ce00000| Untracked 
|  70|0x000000070d000000, 0x000000070d000000, 0x000000070d200000|  0%| F|  |TAMS 0x000000070d000000| PB 0x000000070d000000| Untracked 
|  71|0x000000070d200000, 0x000000070d200000, 0x000000070d400000|  0%| F|  |TAMS 0x000000070d200000| PB 0x000000070d200000| Untracked 
|  72|0x000000070d400000, 0x000000070d400000, 0x000000070d600000|  0%| F|  |TAMS 0x000000070d400000| PB 0x000000070d400000| Untracked 
|  73|0x000000070d600000, 0x000000070d600000, 0x000000070d800000|  0%| F|  |TAMS 0x000000070d600000| PB 0x000000070d600000| Untracked 
|  74|0x000000070d800000, 0x000000070d800000, 0x000000070da00000|  0%| F|  |TAMS 0x000000070d800000| PB 0x000000070d800000| Untracked 
|  75|0x000000070da00000, 0x000000070da00000, 0x000000070dc00000|  0%| F|  |TAMS 0x000000070da00000| PB 0x000000070da00000| Untracked 
|  76|0x000000070dc00000, 0x000000070dc00000, 0x000000070de00000|  0%| F|  |TAMS 0x000000070dc00000| PB 0x000000070dc00000| Untracked 
|  77|0x000000070de00000, 0x000000070de00000, 0x000000070e000000|  0%| F|  |TAMS 0x000000070de00000| PB 0x000000070de00000| Untracked 
|  78|0x000000070e000000, 0x000000070e000000, 0x000000070e200000|  0%| F|  |TAMS 0x000000070e000000| PB 0x000000070e000000| Untracked 
|  79|0x000000070e200000, 0x000000070e200000, 0x000000070e400000|  0%| F|  |TAMS 0x000000070e200000| PB 0x000000070e200000| Untracked 
|  80|0x000000070e400000, 0x000000070e400000, 0x000000070e600000|  0%| F|  |TAMS 0x000000070e400000| PB 0x000000070e400000| Untracked 
|  81|0x000000070e600000, 0x000000070e600000, 0x000000070e800000|  0%| F|  |TAMS 0x000000070e600000| PB 0x000000070e600000| Untracked 
|  82|0x000000070e800000, 0x000000070e800000, 0x000000070ea00000|  0%| F|  |TAMS 0x000000070e800000| PB 0x000000070e800000| Untracked 
|  83|0x000000070ea00000, 0x000000070ea00000, 0x000000070ec00000|  0%| F|  |TAMS 0x000000070ea00000| PB 0x000000070ea00000| Untracked 
|  84|0x000000070ec00000, 0x000000070ec00000, 0x000000070ee00000|  0%| F|  |TAMS 0x000000070ec00000| PB 0x000000070ec00000| Untracked 
|  85|0x000000070ee00000, 0x000000070ee00000, 0x000000070f000000|  0%| F|  |TAMS 0x000000070ee00000| PB 0x000000070ee00000| Untracked 
|  86|0x000000070f000000, 0x000000070f000000, 0x000000070f200000|  0%| F|  |TAMS 0x000000070f000000| PB 0x000000070f000000| Untracked 
|  87|0x000000070f200000, 0x000000070f200000, 0x000000070f400000|  0%| F|  |TAMS 0x000000070f200000| PB 0x000000070f200000| Untracked 
|2000|0x00000007fe400000, 0x00000007fe400000, 0x00000007fe600000|  0%| F|  |TAMS 0x00000007fe400000| PB 0x00000007fe400000| Untracked 
|2001|0x00000007fe600000, 0x00000007fe800000, 0x00000007fe800000|100%| O|  |TAMS 0x00000007fe800000| PB 0x00000007fe600000| Untracked 
|2002|0x00000007fe800000, 0x00000007fea00000, 0x00000007fea00000|100%| O|  |TAMS 0x00000007fea00000| PB 0x00000007fe800000| Untracked 
|2003|0x00000007fea00000, 0x00000007fec00000, 0x00000007fec00000|100%| O|  |TAMS 0x00000007fec00000| PB 0x00000007fea00000| Untracked 
|2004|0x00000007fec00000, 0x00000007fee00000, 0x00000007fee00000|100%| O|  |TAMS 0x00000007fee00000| PB 0x00000007fec00000| Untracked 
|2005|0x00000007fee00000, 0x00000007ff000000, 0x00000007ff000000|100%| O|  |TAMS 0x00000007ff000000| PB 0x00000007fee00000| Untracked 
|2006|0x00000007ff000000, 0x00000007ff200000, 0x00000007ff200000|100%| O|  |TAMS 0x00000007ff200000| PB 0x00000007ff000000| Untracked 
|2007|0x00000007ff200000, 0x00000007ff400000, 0x00000007ff400000|100%| O|  |TAMS 0x00000007ff400000| PB 0x00000007ff200000| Untracked 
|2008|0x00000007ff400000, 0x00000007ff600000, 0x00000007ff600000|100%| O|  |TAMS 0x00000007ff600000| PB 0x00000007ff400000| Untracked 
|2009|0x00000007ff600000, 0x00000007ff800000, 0x00000007ff800000|100%| O|  |TAMS 0x00000007ff800000| PB 0x00000007ff600000| Untracked 
|2010|0x00000007ff800000, 0x00000007ff800000, 0x00000007ffa00000|  0%| F|  |TAMS 0x00000007ff800000| PB 0x00000007ff800000| Untracked 
|2011|0x00000007ffa00000, 0x00000007ffa00000, 0x00000007ffc00000|  0%| F|  |TAMS 0x00000007ffa00000| PB 0x00000007ffa00000| Untracked 
|2012|0x00000007ffc00000, 0x00000007ffc00000, 0x00000007ffe00000|  0%| F|  |TAMS 0x00000007ffc00000| PB 0x00000007ffc00000| Untracked 
|2013|0x00000007ffe00000, 0x00000007ffe00000, 0x0000000800000000|  0%| F|  |TAMS 0x00000007ffe00000| PB 0x00000007ffe00000| Untracked 

Card table byte_map: [0x000001dbc73b0000,0x000001dbc7b90000] _byte_map_base: 0x000001dbc3b8e000

Marking Bits: (CMBitMap*) 0x000001dbbaf41300
 Bits: [0x000001dbc7b90000, 0x000001dbcba80000)

Polling page: 0x000001dbb8e70000

Metaspace:

Usage:
  Non-class:     38.31 MB used.
      Class:      5.46 MB used.
       Both:     43.77 MB used.

Virtual space:
  Non-class space:       64.00 MB reserved,      38.56 MB ( 60%) committed,  1 nodes.
      Class space:        1.00 GB reserved,       5.69 MB ( <1%) committed,  1 nodes.
             Both:        1.06 GB reserved,      44.25 MB (  4%) committed. 

Chunk freelists:
   Non-Class:  8.76 MB
       Class:  10.33 MB
        Both:  19.09 MB

MaxMetaspaceSize: unlimited
CompressedClassSpaceSize: 1.00 GB
Initial GC threshold: 21.00 MB
Current GC threshold: 73.75 MB
CDS: on
 - commit_granule_bytes: 65536.
 - commit_granule_words: 8192.
 - virtual_space_node_default_size: 8388608.
 - enlarge_chunks_in_place: 1.
 - use_allocation_guard: 0.


Internal statistics:

num_allocs_failed_limit: 3.
num_arena_births: 1130.
num_arena_deaths: 392.
num_vsnodes_births: 2.
num_vsnodes_deaths: 0.
num_space_committed: 708.
num_space_uncommitted: 0.
num_chunks_returned_to_freelist: 506.
num_chunks_taken_from_freelist: 2746.
num_chunk_merges: 98.
num_chunk_splits: 1618.
num_chunks_enlarged: 1067.
num_inconsistent_stats: 0.

CodeCache: size=49152Kb used=10760Kb max_used=14373Kb free=38391Kb
 bounds [0x000001dbc3350000, 0x000001dbc4390000, 0x000001dbc6350000]
 total_blobs=4885 nmethods=4205 adapters=601
 compilation: enabled
              stopped_count=0, restarted_count=0
 full_count=0

Compilation events (20 events):
Event: 11149.518 Thread 0x000001dc147da000 16195       1       com.zlw.stroke.pojo.Nodes2::getValue (5 bytes)
Event: 11149.518 Thread 0x000001dc147da000 nmethod 16195 0x000001dbc407d310 code [0x000001dbc407d4a0, 0x000001dbc407d570]
Event: 11149.518 Thread 0x000001dc147da000 16196       1       com.zlw.stroke.pojo.Nodes2::getCategory (5 bytes)
Event: 11149.518 Thread 0x000001dc147da000 nmethod 16196 0x000001dbc414bc10 code [0x000001dbc414bda0, 0x000001dbc414be70]
Event: 11149.519 Thread 0x000001dc147da000 16197       1       com.zlw.stroke.pojo.Links::getValue (5 bytes)
Event: 11149.519 Thread 0x000001dbce816140 16198       1       java.lang.invoke.LambdaForm$MH/0x000001dbd058dc00::invoke (42 bytes)
Event: 11149.519 Thread 0x000001dc147d8b90 16199       1       java.lang.invoke.LambdaForm$MH/0x000001dbd058e000::invoke (42 bytes)
Event: 11149.519 Thread 0x000001dc147da000 nmethod 16197 0x000001dbc3d5bb90 code [0x000001dbc3d5bd20, 0x000001dbc3d5bdf0]
Event: 11149.519 Thread 0x000001dc147da000 16200       1       java.lang.invoke.LambdaForm$MH/0x000001dbd058e400::invoke (42 bytes)
Event: 11149.519 Thread 0x000001dc147d9930 16202       1       com.zlw.stroke.pojo.Links::getTarget (5 bytes)
Event: 11149.519 Thread 0x000001dc147d9930 nmethod 16202 0x000001dbc3d90a10 code [0x000001dbc3d90ba0, 0x000001dbc3d90c70]
Event: 11149.519 Thread 0x000001dc147d9930 16203       1       com.zlw.stroke.pojo.Links::getLineStyle (5 bytes)
Event: 11149.519 Thread 0x000001dbce816140 nmethod 16198 0x000001dbc3d54790 code [0x000001dbc3d54960, 0x000001dbc3d54b60]
Event: 11149.519 Thread 0x000001dc147d8b90 nmethod 16199 0x000001dbc3dbe290 code [0x000001dbc3dbe460, 0x000001dbc3dbe660]
Event: 11149.519 Thread 0x000001dc147da000 nmethod 16200 0x000001dbc3f18e10 code [0x000001dbc3f18fe0, 0x000001dbc3f191e0]
Event: 11149.519 Thread 0x000001dc147d9930 nmethod 16203 0x000001dbc3d94090 code [0x000001dbc3d94220, 0x000001dbc3d942f0]
Event: 11149.519 Thread 0x000001dc147d9930 16204       1       com.zlw.stroke.pojo.Links::getSource (5 bytes)
Event: 11149.519 Thread 0x000001dbce816140 16201       1       java.lang.invoke.LambdaForm$MH/0x000001dbd058e800::invoke (42 bytes)
Event: 11149.520 Thread 0x000001dc147d9930 nmethod 16204 0x000001dbc3d96b90 code [0x000001dbc3d96d20, 0x000001dbc3d96df0]
Event: 11149.520 Thread 0x000001dbce816140 nmethod 16201 0x000001dbc4038510 code [0x000001dbc40386e0, 0x000001dbc40388e0]

GC Heap History (20 events):
Event: 11093.890 GC heap after
{Heap after GC invocations=307 (full 0):
 garbage-first heap   total 155648K, used 65262K [0x0000000704400000, 0x0000000800000000)
  region size 2048K, 5 young (10240K), 5 survivors (10240K)
 Metaspace       used 44695K, committed 45184K, reserved 1114112K
  class space    used 5562K, committed 5824K, reserved 1048576K
}
Event: 11094.553 GC heap before
{Heap before GC invocations=307 (full 0):
 garbage-first heap   total 155648K, used 132846K [0x0000000704400000, 0x0000000800000000)
  region size 2048K, 38 young (77824K), 5 survivors (10240K)
 Metaspace       used 44695K, committed 45184K, reserved 1114112K
  class space    used 5562K, committed 5824K, reserved 1048576K
}
Event: 11094.566 GC heap after
{Heap after GC invocations=308 (full 0):
 garbage-first heap   total 155648K, used 72224K [0x0000000704400000, 0x0000000800000000)
  region size 2048K, 4 young (8192K), 4 survivors (8192K)
 Metaspace       used 44695K, committed 45184K, reserved 1114112K
  class space    used 5562K, committed 5824K, reserved 1048576K
}
Event: 11114.075 GC heap before
{Heap before GC invocations=309 (full 0):
 garbage-first heap   total 155648K, used 133664K [0x0000000704400000, 0x0000000800000000)
  region size 2048K, 34 young (69632K), 4 survivors (8192K)
 Metaspace       used 44695K, committed 45184K, reserved 1114112K
  class space    used 5562K, committed 5824K, reserved 1048576K
}
Event: 11114.089 GC heap after
{Heap after GC invocations=310 (full 0):
 garbage-first heap   total 155648K, used 75052K [0x0000000704400000, 0x0000000800000000)
  region size 2048K, 2 young (4096K), 2 survivors (4096K)
 Metaspace       used 44695K, committed 45184K, reserved 1114112K
  class space    used 5562K, committed 5824K, reserved 1048576K
}
Event: 11117.830 GC heap before
{Heap before GC invocations=310 (full 0):
 garbage-first heap   total 155648K, used 136492K [0x0000000704400000, 0x0000000800000000)
  region size 2048K, 32 young (65536K), 2 survivors (4096K)
 Metaspace       used 44699K, committed 45184K, reserved 1114112K
  class space    used 5563K, committed 5824K, reserved 1048576K
}
Event: 11117.840 GC heap after
{Heap after GC invocations=311 (full 0):
 garbage-first heap   total 155648K, used 80666K [0x0000000704400000, 0x0000000800000000)
  region size 2048K, 4 young (8192K), 4 survivors (8192K)
 Metaspace       used 44699K, committed 45184K, reserved 1114112K
  class space    used 5563K, committed 5824K, reserved 1048576K
}
Event: 11127.260 GC heap before
{Heap before GC invocations=311 (full 0):
 garbage-first heap   total 155648K, used 135962K [0x0000000704400000, 0x0000000800000000)
  region size 2048K, 31 young (63488K), 4 survivors (8192K)
 Metaspace       used 44701K, committed 45184K, reserved 1114112K
  class space    used 5564K, committed 5824K, reserved 1048576K
}
Event: 11127.265 GC heap after
{Heap after GC invocations=312 (full 0):
 garbage-first heap   total 155648K, used 81089K [0x0000000704400000, 0x0000000800000000)
  region size 2048K, 3 young (6144K), 3 survivors (6144K)
 Metaspace       used 44701K, committed 45184K, reserved 1114112K
  class space    used 5564K, committed 5824K, reserved 1048576K
}
Event: 11127.603 GC heap before
{Heap before GC invocations=313 (full 0):
 garbage-first heap   total 155648K, used 117953K [0x0000000704400000, 0x0000000800000000)
  region size 2048K, 30 young (61440K), 3 survivors (6144K)
 Metaspace       used 44701K, committed 45184K, reserved 1114112K
  class space    used 5564K, committed 5824K, reserved 1048576K
}
Event: 11127.617 GC heap after
{Heap after GC invocations=314 (full 0):
 garbage-first heap   total 190464K, used 65843K [0x0000000704400000, 0x0000000800000000)
  region size 2048K, 2 young (4096K), 2 survivors (4096K)
 Metaspace       used 44701K, committed 45184K, reserved 1114112K
  class space    used 5564K, committed 5824K, reserved 1048576K
}
Event: 11148.693 GC heap before
{Heap before GC invocations=314 (full 0):
 garbage-first heap   total 190464K, used 164147K [0x0000000704400000, 0x0000000800000000)
  region size 2048K, 50 young (102400K), 2 survivors (4096K)
 Metaspace       used 44799K, committed 45312K, reserved 1114112K
  class space    used 5587K, committed 5824K, reserved 1048576K
}
Event: 11148.713 GC heap after
{Heap after GC invocations=315 (full 0):
 garbage-first heap   total 208896K, used 102400K [0x0000000704400000, 0x0000000800000000)
  region size 2048K, 7 young (14336K), 7 survivors (14336K)
 Metaspace       used 44799K, committed 45312K, reserved 1114112K
  class space    used 5587K, committed 5824K, reserved 1048576K
}
Event: 11148.925 GC heap before
{Heap before GC invocations=315 (full 0):
 garbage-first heap   total 208896K, used 161792K [0x0000000704400000, 0x0000000800000000)
  region size 2048K, 36 young (73728K), 7 survivors (14336K)
 Metaspace       used 44799K, committed 45312K, reserved 1114112K
  class space    used 5587K, committed 5824K, reserved 1048576K
}
Event: 11148.934 GC heap after
{Heap after GC invocations=316 (full 0):
 garbage-first heap   total 208896K, used 114146K [0x0000000704400000, 0x0000000800000000)
  region size 2048K, 5 young (10240K), 5 survivors (10240K)
 Metaspace       used 44799K, committed 45312K, reserved 1114112K
  class space    used 5587K, committed 5824K, reserved 1048576K
}
Event: 11149.137 GC heap before
{Heap before GC invocations=317 (full 0):
 garbage-first heap   total 208896K, used 151010K [0x0000000704400000, 0x0000000800000000)
  region size 2048K, 32 young (65536K), 5 survivors (10240K)
 Metaspace       used 44799K, committed 45312K, reserved 1114112K
  class space    used 5587K, committed 5824K, reserved 1048576K
}
Event: 11149.146 GC heap after
{Heap after GC invocations=318 (full 0):
 garbage-first heap   total 208896K, used 101549K [0x0000000704400000, 0x0000000800000000)
  region size 2048K, 3 young (6144K), 3 survivors (6144K)
 Metaspace       used 44799K, committed 45312K, reserved 1114112K
  class space    used 5587K, committed 5824K, reserved 1048576K
}
Event: 11149.396 GC heap before
{Heap before GC invocations=318 (full 0):
 garbage-first heap   total 208896K, used 169133K [0x0000000704400000, 0x0000000800000000)
  region size 2048K, 36 young (73728K), 3 survivors (6144K)
 Metaspace       used 44799K, committed 45312K, reserved 1114112K
  class space    used 5587K, committed 5824K, reserved 1048576K
}
Event: 11149.402 GC heap after
{Heap after GC invocations=319 (full 0):
 garbage-first heap   total 208896K, used 98774K [0x0000000704400000, 0x0000000800000000)
  region size 2048K, 4 young (8192K), 4 survivors (8192K)
 Metaspace       used 44799K, committed 45312K, reserved 1114112K
  class space    used 5587K, committed 5824K, reserved 1048576K
}
Event: 11149.683 GC heap before
{Heap before GC invocations=319 (full 0):
 garbage-first heap   total 208896K, used 170454K [0x0000000704400000, 0x0000000800000000)
  region size 2048K, 39 young (79872K), 4 survivors (8192K)
 Metaspace       used 44822K, committed 45312K, reserved 1114112K
  class space    used 5592K, committed 5824K, reserved 1048576K
}

Dll operation events (12 events):
Event: 0.017 Loaded shared library C:\Program Files\Java\jdk-21\bin\java.dll
Event: 0.103 Loaded shared library C:\Program Files\Java\jdk-21\bin\zip.dll
Event: 0.108 Loaded shared library C:\Program Files\Java\jdk-21\bin\instrument.dll
Event: 0.113 Loaded shared library C:\Program Files\Java\jdk-21\bin\net.dll
Event: 0.115 Loaded shared library C:\Program Files\Java\jdk-21\bin\nio.dll
Event: 0.117 Loaded shared library C:\Program Files\Java\jdk-21\bin\zip.dll
Event: 0.162 Loaded shared library C:\Software\IntelliJ IDEA 2020.3.4\bin\breakgen64.dll
Event: 0.169 Loaded shared library C:\Program Files\Java\jdk-21\bin\jimage.dll
Event: 0.172 Loaded shared library C:\Program Files\Java\jdk-21\bin\extnet.dll
Event: 0.184 Loaded shared library C:\Program Files\Java\jdk-21\bin\management.dll
Event: 0.201 Loaded shared library C:\Program Files\Java\jdk-21\bin\management_ext.dll
Event: 2.990 Loaded shared library C:\Program Files\Java\jdk-21\bin\sunmscapi.dll

Deoptimization events (4 events):
Event: 2.666 Thread 0x000001dc14b0ffe0 DEOPT PACKING pc=0x000001dbc39f8381 sp=0x0000003068df9250
Event: 2.666 Thread 0x000001dc14b0ffe0 DEOPT UNPACKING pc=0x000001dbc33a4e42 sp=0x0000003068df8758 mode 3
Event: 10.376 Thread 0x000001dc15a953b0 DEOPT PACKING pc=0x000001dbc35e511c sp=0x000000306a0fd2e0
Event: 10.376 Thread 0x000001dc15a953b0 DEOPT UNPACKING pc=0x000001dbc33a4e42 sp=0x000000306a0fc790 mode 0

Classes loaded (20 events):
Event: 1775.498 Loading class sun/security/ssl/Alert$AlertConsumer
Event: 1775.501 Loading class sun/security/ssl/Alert$AlertConsumer done
Event: 1775.501 Loading class sun/security/ssl/Alert$Level
Event: 1775.502 Loading class sun/security/ssl/Alert$Level done
Event: 1775.504 Loading class java/net/SocketException
Event: 1775.505 Loading class java/net/SocketException done
Event: 7095.985 Loading class sun/reflect/Reflection
Event: 7095.992 Loading class sun/reflect/Reflection done
Event: 7095.997 Loading class jdk/internal/loader/BootLoader$PackageHelper
Event: 7096.001 Loading class jdk/internal/loader/BootLoader$PackageHelper done
Event: 7096.022 Loading class java/util/Scanner
Event: 7096.031 Loading class java/util/Scanner done
Event: 7096.036 Loading class java/util/Scanner$PatternLRUCache
Event: 7096.038 Loading class java/util/Scanner$PatternLRUCache done
Event: 7096.041 Loading class java/util/regex/Matcher$ImmutableMatchResult
Event: 7096.043 Loading class java/util/regex/Matcher$ImmutableMatchResult done
Event: 9644.227 Loading class sun/net/ConnectionResetException
Event: 9644.233 Loading class sun/net/ConnectionResetException done
Event: 11092.640 Loading class java/text/DigitList$1
Event: 11092.647 Loading class java/text/DigitList$1 done

Classes unloaded (20 events):
Event: 5463.297 Thread 0x000001dbce7e7db0 Unloading class 0x000001dbd0320800 'java/lang/invoke/LambdaForm$DMH+0x000001dbd0320800'
Event: 5463.297 Thread 0x000001dbce7e7db0 Unloading class 0x000001dbd02b0000 'java/lang/invoke/LambdaForm$DMH+0x000001dbd02b0000'
Event: 6536.532 Thread 0x000001dbce7e7db0 Unloading class 0x000001dbd0320400 'java/lang/invoke/LambdaForm$MH+0x000001dbd0320400'
Event: 6544.280 Thread 0x000001dbce7e7db0 Unloading class 0x000001dbd05a7400 'java/lang/invoke/LambdaForm$MH+0x000001dbd05a7400'
Event: 6544.280 Thread 0x000001dbce7e7db0 Unloading class 0x000001dbd01ac000 'java/lang/invoke/LambdaForm$MH+0x000001dbd01ac000'
Event: 6544.282 Thread 0x000001dbce7e7db0 Unloading class 0x000001dbd01ba800 'java/lang/invoke/LambdaForm$MH+0x000001dbd01ba800'
Event: 6544.282 Thread 0x000001dbce7e7db0 Unloading class 0x000001dbd05a7800 'java/lang/invoke/LambdaForm$MH+0x000001dbd05a7800'
Event: 6544.282 Thread 0x000001dbce7e7db0 Unloading class 0x000001dbd029cc00 'java/lang/invoke/LambdaForm$MH+0x000001dbd029cc00'
Event: 6544.282 Thread 0x000001dbce7e7db0 Unloading class 0x000001dbd02acc00 'java/lang/invoke/LambdaForm$MH+0x000001dbd02acc00'
Event: 6544.282 Thread 0x000001dbce7e7db0 Unloading class 0x000001dbd02b0000 'java/lang/invoke/LambdaForm$MH+0x000001dbd02b0000'
Event: 6723.388 Thread 0x000001dbce7e7db0 Unloading class 0x000001dbd0320400 'java/lang/invoke/LambdaForm$MH+0x000001dbd0320400'
Event: 6723.388 Thread 0x000001dbce7e7db0 Unloading class 0x000001dbd0209800 'java/lang/invoke/LambdaForm$DMH+0x000001dbd0209800'
Event: 9224.018 Thread 0x000001dbce7e7db0 Unloading class 0x000001dbd0380400 'java/lang/invoke/LambdaForm$MH+0x000001dbd0380400'
Event: 9224.018 Thread 0x000001dbce7e7db0 Unloading class 0x000001dbd00e9400 'java/lang/invoke/LambdaForm$MH+0x000001dbd00e9400'
Event: 9224.018 Thread 0x000001dbce7e7db0 Unloading class 0x000001dbd02acc00 'java/lang/invoke/LambdaForm$MH+0x000001dbd02acc00'
Event: 9224.019 Thread 0x000001dbce7e7db0 Unloading class 0x000001dbd029cc00 'java/lang/invoke/LambdaForm$MH+0x000001dbd029cc00'
Event: 9224.019 Thread 0x000001dbce7e7db0 Unloading class 0x000001dbd01ac000 'java/lang/invoke/LambdaForm$MH+0x000001dbd01ac000'
Event: 9224.019 Thread 0x000001dbce7e7db0 Unloading class 0x000001dbd0209800 'java/lang/invoke/LambdaForm$MH+0x000001dbd0209800'
Event: 9713.569 Thread 0x000001dbce7e7db0 Unloading class 0x000001dbd0419400 'java/lang/invoke/LambdaForm$MH+0x000001dbd0419400'
Event: 11092.864 Thread 0x000001dbce7e7db0 Unloading class 0x000001dbd0419400 'java/lang/invoke/LambdaForm$MH+0x000001dbd0419400'

Classes redefined (0 events):
No events

Internal exceptions (20 events):
Event: 17.267 Thread 0x000001dc15d43940 Exception <a 'java/lang/NoSuchMethodError'{0x000000070db11e78}: 'double java.lang.invoke.DirectMethodHandle$Holder.invokeVirtual(java.lang.Object, java.lang.Object)'> (0x000000070db11e78) 
thrown [s\open\src\hotspot\share\interpreter\linkResolver.cpp, line 773]
Event: 17.267 Thread 0x000001dc15d49520 Exception <a 'java/lang/NoSuchMethodError'{0x000000070d83b670}: 'double java.lang.invoke.DirectMethodHandle$Holder.invokeVirtual(java.lang.Object, java.lang.Object)'> (0x000000070d83b670) 
thrown [s\open\src\hotspot\share\interpreter\linkResolver.cpp, line 773]
Event: 17.267 Thread 0x000001dc145628b0 Exception <a 'java/lang/NoSuchMethodError'{0x000000070ddb8ee8}: 'double java.lang.invoke.DirectMethodHandle$Holder.invokeVirtual(java.lang.Object, java.lang.Object)'> (0x000000070ddb8ee8) 
thrown [s\open\src\hotspot\share\interpreter\linkResolver.cpp, line 773]
Event: 17.271 Thread 0x000001dc14565010 Exception <a 'java/lang/NoSuchMethodError'{0x000000070dbfdbb8}: 'double java.lang.invoke.DirectMethodHandle$Holder.invokeVirtual(java.lang.Object, java.lang.Object)'> (0x000000070dbfdbb8) 
thrown [s\open\src\hotspot\share\interpreter\linkResolver.cpp, line 773]
Event: 17.271 Thread 0x000001dc145670e0 Exception <a 'java/lang/NoSuchMethodError'{0x000000070d8b6830}: 'double java.lang.invoke.DirectMethodHandle$Holder.invokeVirtual(java.lang.Object, java.lang.Object)'> (0x000000070d8b6830) 
thrown [s\open\src\hotspot\share\interpreter\linkResolver.cpp, line 773]
Event: 17.271 Thread 0x000001dc14562220 Exception <a 'java/lang/NoSuchMethodError'{0x000000070d8f7788}: 'double java.lang.invoke.DirectMethodHandle$Holder.invokeVirtual(java.lang.Object, java.lang.Object)'> (0x000000070d8f7788) 
thrown [s\open\src\hotspot\share\interpreter\linkResolver.cpp, line 773]
Event: 17.341 Thread 0x000001dc15d43940 Exception <a 'java/lang/NoSuchMethodError'{0x000000070bec6318}: 'double java.lang.invoke.DelegatingMethodHandle$Holder.reinvoke_L(java.lang.Object, java.lang.Object)'> (0x000000070bec6318) 
thrown [s\open\src\hotspot\share\interpreter\linkResolver.cpp, line 773]
Event: 583.968 Thread 0x000001dc15a953b0 Exception <a 'java/lang/NoSuchMethodError'{0x000000070f0f9110}: 'double java.lang.invoke.DelegatingMethodHandle$Holder.reinvoke_L(java.lang.Object, java.lang.Object)'> (0x000000070f0f9110) 
thrown [s\open\src\hotspot\share\interpreter\linkResolver.cpp, line 773]
Event: 584.176 Thread 0x000001dc15d42590 Exception <a 'java/lang/NoSuchMethodError'{0x000000070df2ee40}: static Lcom/zlw/stroke/tfactivate/TfCsvToBinaryConverter$TfDataInfo;.<clinit>()V> (0x000000070df2ee40) 
thrown [s\open\src\hotspot\share\prims\jni.cpp, line 1111]
Event: 584.187 Thread 0x000001dc15d42590 Exception <a 'java/lang/NoSuchMethodError'{0x000000070df3f5e0}: 'long java.lang.invoke.DelegatingMethodHandle$Holder.reinvoke_L(java.lang.Object, java.lang.Object)'> (0x000000070df3f5e0) 
thrown [s\open\src\hotspot\share\interpreter\linkResolver.cpp, line 773]
Event: 584.194 Thread 0x000001dc15d42590 Exception <a 'java/lang/NoSuchMethodError'{0x000000070df49588}: 'void java.lang.invoke.DelegatingMethodHandle$Holder.reinvoke_L(java.lang.Object, java.lang.Object, long)'> (0x000000070df49588) 
thrown [s\open\src\hotspot\share\interpreter\linkResolver.cpp, line 773]
Event: 584.195 Thread 0x000001dc15d42590 Exception <a 'java/lang/NoSuchMethodError'{0x000000070df4ffd0}: 'long java.lang.invoke.Invokers$Holder.invokeExact_MT(java.lang.Object, java.lang.Object, java.lang.Object)'> (0x000000070df4ffd0) 
thrown [s\open\src\hotspot\share\interpreter\linkResolver.cpp, line 773]
Event: 584.197 Thread 0x000001dc15d42590 Exception <a 'java/lang/NoSuchMethodError'{0x000000070df578f0}: 'void java.lang.invoke.DelegatingMethodHandle$Holder.reinvoke_L(java.lang.Object, java.lang.Object, int)'> (0x000000070df578f0) 
thrown [s\open\src\hotspot\share\interpreter\linkResolver.cpp, line 773]
Event: 584.197 Thread 0x000001dc15d42590 Exception <a 'java/lang/NoSuchMethodError'{0x000000070df5e278}: 'int java.lang.invoke.Invokers$Holder.invokeExact_MT(java.lang.Object, java.lang.Object, java.lang.Object)'> (0x000000070df5e278) 
thrown [s\open\src\hotspot\share\interpreter\linkResolver.cpp, line 773]
Event: 584.257 Thread 0x000001dc15d42590 Exception <a 'java/lang/NoSuchMethodError'{0x000000070df82ab8}: 'long java.lang.invoke.DirectMethodHandle$Holder.invokeStatic(java.lang.Object, java.lang.Object, int)'> (0x000000070df82ab8) 
thrown [s\open\src\hotspot\share\interpreter\linkResolver.cpp, line 773]
Event: 584.258 Thread 0x000001dc15d42590 Exception <a 'java/lang/NoSuchMethodError'{0x000000070df8d9a8}: 'java.lang.Object java.lang.invoke.DelegatingMethodHandle$Holder.reinvoke_L(java.lang.Object, int, long, java.lang.Object, java.lang.Object, int, java.lang.Object)'> (0x000000070df8d9a8) 
thrown [s\open\src\hotspot\share\interpreter\linkResolver.cpp, line 773]
Event: 7095.992 Thread 0x000001dc15d42590 Exception <a 'java/lang/NoClassDefFoundError'{0x0000000707c38970}: sun/reflect/Reflection> (0x0000000707c38970) 
thrown [s\open\src\hotspot\share\classfile\systemDictionary.cpp, line 301]
Event: 9644.233 Thread 0x000001dc15d42590 Exception <a 'sun/net/ConnectionResetException'{0x00000007084000c0}: Connection reset> (0x00000007084000c0) 
thrown [s\open\src\hotspot\share\prims\jni.cpp, line 539]
Event: 11091.275 Thread 0x000001dc15a95a40 Exception <a 'java/lang/NoSuchMethodError'{0x00000007096d42a0}: static Lcom/zlw/stroke/getexpression/GeneDataInfo;.<clinit>()V> (0x00000007096d42a0) 
thrown [s\open\src\hotspot\share\prims\jni.cpp, line 1111]
Event: 11092.635 Thread 0x000001dc15d46730 Exception <a 'java/lang/NoSuchMethodError'{0x0000000709f7d480}: 'java.lang.Object java.lang.invoke.DirectMethodHandle$Holder.invokeSpecial(java.lang.Object, java.lang.Object, double, double)'> (0x0000000709f7d480) 
thrown [s\open\src\hotspot\share\interpreter\linkResolver.cpp, line 773]

ZGC Phase Switch (0 events):
No events

VM Operations (20 events):
Event: 11127.617 Executing VM operation: G1CollectForAllocation (G1 Evacuation Pause) done
Event: 11128.629 Executing VM operation: Cleanup
Event: 11128.629 Executing VM operation: Cleanup done
Event: 11144.757 Executing VM operation: Cleanup
Event: 11144.757 Executing VM operation: Cleanup done
Event: 11147.765 Executing VM operation: Cleanup
Event: 11147.765 Executing VM operation: Cleanup done
Event: 11148.693 Executing VM operation: G1CollectForAllocation (G1 Evacuation Pause)
Event: 11148.713 Executing VM operation: G1CollectForAllocation (G1 Evacuation Pause) done
Event: 11148.925 Executing VM operation: G1CollectForAllocation (G1 Evacuation Pause)
Event: 11148.935 Executing VM operation: G1CollectForAllocation (G1 Evacuation Pause) done
Event: 11148.959 Executing VM operation: G1PauseRemark
Event: 11148.963 Executing VM operation: G1PauseRemark done
Event: 11148.974 Executing VM operation: G1PauseCleanup
Event: 11148.975 Executing VM operation: G1PauseCleanup done
Event: 11149.137 Executing VM operation: G1CollectForAllocation (G1 Evacuation Pause)
Event: 11149.146 Executing VM operation: G1CollectForAllocation (G1 Evacuation Pause) done
Event: 11149.396 Executing VM operation: G1CollectForAllocation (G1 Evacuation Pause)
Event: 11149.402 Executing VM operation: G1CollectForAllocation (G1 Evacuation Pause) done
Event: 11149.683 Executing VM operation: G1CollectForAllocation (G1 Evacuation Pause)

Events (20 events):
Event: 11099.866 Thread 0x000001dc162b6d90 Thread exited: 0x000001dc162b6d90
Event: 11099.866 Thread 0x000001dc147d9260 Thread exited: 0x000001dc147d9260
Event: 11104.866 Thread 0x000001dc147d8b90 Thread exited: 0x000001dc147d8b90
Event: 11109.881 Thread 0x000001dc147da000 Thread exited: 0x000001dc147da000
Event: 11116.949 Thread 0x000001dc147d9930 Thread exited: 0x000001dc147d9930
Event: 11117.550 Thread 0x000001dc147da000 Thread added: 0x000001dc147da000
Event: 11127.959 Thread 0x000001dc147d8b90 Thread added: 0x000001dc147d8b90
Event: 11127.959 Thread 0x000001dc147d9260 Thread added: 0x000001dc147d9260
Event: 11127.959 Thread 0x000001dc147d9930 Thread added: 0x000001dc147d9930
Event: 11132.980 Thread 0x000001dc147d9930 Thread exited: 0x000001dc147d9930
Event: 11132.980 Thread 0x000001dc147d9260 Thread exited: 0x000001dc147d9260
Event: 11137.988 Thread 0x000001dc147d8b90 Thread exited: 0x000001dc147d8b90
Event: 11142.991 Thread 0x000001dc147da000 Thread exited: 0x000001dc147da000
Event: 11144.176 Thread 0x000001dc147d9930 Thread added: 0x000001dc147d9930
Event: 11144.177 Thread 0x000001dc147da000 Thread added: 0x000001dc147da000
Event: 11144.177 Thread 0x000001dc147d8b90 Thread added: 0x000001dc147d8b90
Event: 11147.556 Thread 0x000001dc147d8b90 Thread exited: 0x000001dc147d8b90
Event: 11147.556 Thread 0x000001dc147da000 Thread exited: 0x000001dc147da000
Event: 11149.514 Thread 0x000001dc147da000 Thread added: 0x000001dc147da000
Event: 11149.514 Thread 0x000001dc147d8b90 Thread added: 0x000001dc147d8b90


Dynamic libraries:
0x00007ff6eec50000 - 0x00007ff6eec60000 	C:\Program Files\Java\jdk-21\bin\java.exe
0x00007ffde3d60000 - 0x00007ffde3fc8000 	C:\WINDOWS\SYSTEM32\ntdll.dll
0x00007ffde3550000 - 0x00007ffde3619000 	C:\WINDOWS\System32\KERNEL32.DLL
0x00007ffde1270000 - 0x00007ffde1662000 	C:\WINDOWS\System32\KERNELBASE.dll
0x00007ffde17e0000 - 0x00007ffde192b000 	C:\WINDOWS\System32\ucrtbase.dll
0x00007ffddb860000 - 0x00007ffddb879000 	C:\Program Files\Java\jdk-21\bin\jli.dll
0x00007ffde3070000 - 0x00007ffde3124000 	C:\WINDOWS\System32\ADVAPI32.dll
0x00007ffde2e50000 - 0x00007ffde2ef9000 	C:\WINDOWS\System32\msvcrt.dll
0x00007ffde3a20000 - 0x00007ffde3ac6000 	C:\WINDOWS\System32\sechost.dll
0x00007ffde25d0000 - 0x00007ffde26e8000 	C:\WINDOWS\System32\RPCRT4.dll
0x00007ffddb7c0000 - 0x00007ffddb7db000 	C:\Program Files\Java\jdk-21\bin\VCRUNTIME140.dll
0x00007ffde3810000 - 0x00007ffde39d5000 	C:\WINDOWS\System32\USER32.dll
0x00007ffde0ef0000 - 0x00007ffde0f17000 	C:\WINDOWS\System32\win32u.dll
0x00007ffde39e0000 - 0x00007ffde3a0b000 	C:\WINDOWS\System32\GDI32.dll
0x00007ffde0f20000 - 0x00007ffde104d000 	C:\WINDOWS\System32\gdi32full.dll
0x00007ffde1670000 - 0x00007ffde1713000 	C:\WINDOWS\System32\msvcp_win.dll
0x00007ffdbea50000 - 0x00007ffdbece3000 	C:\WINDOWS\WinSxS\amd64_microsoft.windows.common-controls_6595b64144ccf1df_6.0.26100.6899_none_3e0efeeae32e88c1\COMCTL32.dll
0x00007ffdba3a0000 - 0x00007ffdba3ab000 	C:\WINDOWS\SYSTEM32\VERSION.dll
0x00007ffde3620000 - 0x00007ffde364f000 	C:\WINDOWS\System32\IMM32.DLL
0x00007ffddb7b0000 - 0x00007ffddb7bc000 	C:\Program Files\Java\jdk-21\bin\vcruntime140_1.dll
0x00007ffdc99d0000 - 0x00007ffdc9a5e000 	C:\Program Files\Java\jdk-21\bin\msvcp140.dll
0x00007ffd8bcc0000 - 0x00007ffd8c9d8000 	C:\Program Files\Java\jdk-21\bin\server\jvm.dll
0x00007ffde1ce0000 - 0x00007ffde1d54000 	C:\WINDOWS\System32\WS2_32.dll
0x00007ffde0d50000 - 0x00007ffde0dae000 	C:\WINDOWS\SYSTEM32\POWRPROF.dll
0x00007ffdd3c60000 - 0x00007ffdd3c95000 	C:\WINDOWS\SYSTEM32\WINMM.dll
0x00007ffde0d30000 - 0x00007ffde0d44000 	C:\WINDOWS\SYSTEM32\UMPDC.dll
0x00007ffddfca0000 - 0x00007ffddfcbb000 	C:\WINDOWS\SYSTEM32\kernel.appcore.dll
0x00007ffddb7a0000 - 0x00007ffddb7aa000 	C:\Program Files\Java\jdk-21\bin\jimage.dll
0x00007ffdde2d0000 - 0x00007ffdde512000 	C:\WINDOWS\SYSTEM32\DBGHELP.DLL
0x00007ffde1d60000 - 0x00007ffde20db000 	C:\WINDOWS\System32\combase.dll
0x00007ffde3130000 - 0x00007ffde3207000 	C:\WINDOWS\System32\OLEAUT32.dll
0x00007ffdc5fd0000 - 0x00007ffdc600c000 	C:\WINDOWS\SYSTEM32\dbgcore.DLL
0x00007ffde1050000 - 0x00007ffde10e8000 	C:\WINDOWS\System32\bcryptPrimitives.dll
0x00007ffdcd650000 - 0x00007ffdcd65f000 	C:\Program Files\Java\jdk-21\bin\instrument.dll
0x00007ffdca280000 - 0x00007ffdca29f000 	C:\Program Files\Java\jdk-21\bin\java.dll
0x00007ffde26f0000 - 0x00007ffde2e3d000 	C:\WINDOWS\System32\SHELL32.dll
0x00007ffde19c0000 - 0x00007ffde1b2b000 	C:\WINDOWS\System32\wintypes.dll
0x00007ffddeb10000 - 0x00007ffddf36d000 	C:\WINDOWS\SYSTEM32\windows.storage.dll
0x00007ffde3450000 - 0x00007ffde3542000 	C:\WINDOWS\System32\SHCORE.dll
0x00007ffde3cb0000 - 0x00007ffde3d12000 	C:\WINDOWS\System32\shlwapi.dll
0x00007ffde0e10000 - 0x00007ffde0e39000 	C:\WINDOWS\SYSTEM32\profapi.dll
0x00007ffdc9e20000 - 0x00007ffdc9e38000 	C:\Program Files\Java\jdk-21\bin\zip.dll
0x00007ffdca390000 - 0x00007ffdca3a0000 	C:\Program Files\Java\jdk-21\bin\net.dll
0x00007ffdd9910000 - 0x00007ffdd9a2f000 	C:\WINDOWS\SYSTEM32\WINHTTP.dll
0x00007ffde0230000 - 0x00007ffde029b000 	C:\WINDOWS\system32\mswsock.dll
0x00007ffdc9980000 - 0x00007ffdc9996000 	C:\Program Files\Java\jdk-21\bin\nio.dll
0x00007ffdc9930000 - 0x00007ffdc994a000 	C:\Software\IntelliJ IDEA 2020.3.4\bin\breakgen64.dll
0x00007ffdca250000 - 0x00007ffdca259000 	C:\Program Files\Java\jdk-21\bin\extnet.dll
0x00007ffddf820000 - 0x00007ffddf946000 	C:\WINDOWS\SYSTEM32\DNSAPI.dll
0x00007ffddf7e0000 - 0x00007ffddf814000 	C:\WINDOWS\SYSTEM32\IPHLPAPI.DLL
0x00007ffde3a10000 - 0x00007ffde3a1a000 	C:\WINDOWS\System32\NSI.dll
0x00007ffdd8c70000 - 0x00007ffdd8c7b000 	C:\Windows\System32\rasadhlp.dll
0x00007ffdda4a0000 - 0x00007ffdda526000 	C:\WINDOWS\System32\fwpuclnt.dll
0x00007ffdca120000 - 0x00007ffdca12a000 	C:\Program Files\Java\jdk-21\bin\management.dll
0x00007ffdc9e00000 - 0x00007ffdc9e0b000 	C:\Program Files\Java\jdk-21\bin\management_ext.dll
0x00007ffde2e40000 - 0x00007ffde2e48000 	C:\WINDOWS\System32\PSAPI.DLL
0x00007ffde04e0000 - 0x00007ffde04fb000 	C:\WINDOWS\SYSTEM32\CRYPTSP.dll
0x00007ffddfc00000 - 0x00007ffddfc3b000 	C:\WINDOWS\system32\rsaenh.dll
0x00007ffde02d0000 - 0x00007ffde02fb000 	C:\WINDOWS\SYSTEM32\USERENV.dll
0x00007ffde0de0000 - 0x00007ffde0e06000 	C:\WINDOWS\SYSTEM32\bcrypt.dll
0x00007ffde0500000 - 0x00007ffde050c000 	C:\WINDOWS\SYSTEM32\CRYPTBASE.dll
0x00007ffdab3c0000 - 0x00007ffdab3d8000 	C:\WINDOWS\system32\napinsp.dll
0x00007ffdaa170000 - 0x00007ffdaa182000 	C:\WINDOWS\System32\winrnr.dll
0x00007ffdaa140000 - 0x00007ffdaa168000 	C:\WINDOWS\system32\nlansp_c.dll
0x00007ffdd5a90000 - 0x00007ffdd5aa6000 	C:\WINDOWS\system32\wshbth.dll
0x00007ffdc9bb0000 - 0x00007ffdc9bbe000 	C:\Program Files\Java\jdk-21\bin\sunmscapi.dll
0x00007ffde10f0000 - 0x00007ffde1267000 	C:\WINDOWS\System32\CRYPT32.dll
0x00007ffde0700000 - 0x00007ffde0730000 	C:\WINDOWS\SYSTEM32\ncrypt.dll
0x00007ffde06b0000 - 0x00007ffde06ef000 	C:\WINDOWS\SYSTEM32\NTASN1.dll
0x00007ffda7ed0000 - 0x00007ffda7ed8000 	C:\WINDOWS\system32\wshunix.dll

dbghelp: loaded successfully - version: 4.0.5 - missing functions: none
symbol engine: initialized successfully - sym options: 0x614 - pdb path: .;C:\Program Files\Java\jdk-21\bin;C:\WINDOWS\SYSTEM32;C:\WINDOWS\WinSxS\amd64_microsoft.windows.common-controls_6595b64144ccf1df_6.0.26100.6899_none_3e0efeeae32e88c1;C:\Program Files\Java\jdk-21\bin\server;C:\Software\IntelliJ IDEA 2020.3.4\bin

VM Arguments:
jvm_args: -XX:TieredStopAtLevel=1 -Xverify:none -Dspring.output.ansi.enabled=always -javaagent:C:\Software\IntelliJ IDEA 2020.3.4\lib\idea_rt.jar=60898:C:\Software\IntelliJ IDEA 2020.3.4\bin -Dcom.sun.management.jmxremote -Dspring.jmx.enabled=true -Dspring.liveBeansView.mbeanDomain -Dspring.application.admin.enabled=true -Dfile.encoding=UTF-8 
java_command: com.zlw.stroke.StrokeApplication
java_class_path (initial): D:\Workspace\idea\stroke\target\classes;C:\Software\apache-maven-3.6.3\maven-repository\org\springframework\boot\spring-boot-configuration-processor\2.3.7.RELEASE\spring-boot-configuration-processor-2.3.7.RELEASE.jar;C:\Software\apache-maven-3.6.3\maven-repository\org\rosuda\REngine\REngine\2.1.0\REngine-2.1.0.jar;C:\Software\apache-maven-3.6.3\maven-repository\org\rosuda\REngine\Rserve\1.8.1\Rserve-1.8.1.jar;C:\Software\apache-maven-3.6.3\maven-repository\org\springframework\boot\spring-boot-starter-jdbc\2.3.7.RELEASE\spring-boot-starter-jdbc-2.3.7.RELEASE.jar;C:\Software\apache-maven-3.6.3\maven-repository\org\springframework\boot\spring-boot-starter\2.3.7.RELEASE\spring-boot-starter-2.3.7.RELEASE.jar;C:\Software\apache-maven-3.6.3\maven-repository\org\springframework\boot\spring-boot-starter-logging\2.3.7.RELEASE\spring-boot-starter-logging-2.3.7.RELEASE.jar;C:\Software\apache-maven-3.6.3\maven-repository\ch\qos\logback\logback-classic\1.2.3\logback-classic-1.2.3.jar;C:\Software\apache-maven-3.6.3\maven-repository\ch\qos\logback\logback-core\1.2.3\logback-core-1.2.3.jar;C:\Software\apache-maven-3.6.3\maven-repository\org\apache\logging\log4j\log4j-to-slf4j\2.13.3\log4j-to-slf4j-2.13.3.jar;C:\Software\apache-maven-3.6.3\maven-repository\org\apache\logging\log4j\log4j-api\2.13.3\log4j-api-2.13.3.jar;C:\Software\apache-maven-3.6.3\maven-repository\org\slf4j\jul-to-slf4j\1.7.30\jul-to-slf4j-1.7.30.jar;C:\Software\apache-maven-3.6.3\maven-repository\org\yaml\snakeyaml\1.26\snakeyaml-1.26.jar;C:\Software\apache-maven-3.6.3\maven-repository\com\zaxxer\HikariCP\3.4.5\HikariCP-3.4.5.jar;C:\Software\apache-maven-3.6.3\maven-repository\org\springframework\spring-jdbc\5.2.12.RELEASE\spring-jdbc-5.2.12.RELEASE.jar;C:\Software\apache-maven-3.6.3\maven-repository\org\springframework\spring-beans\5.2.12.RELEASE\spring-beans-5.2.12.RELEASE.jar;C:\Software\apache-maven-3.6.3\maven-repository\org\springframework\spring-tx\5.2.12.RELEASE\spring-tx-5.2.12.RELEASE.jar;C:\Software\apache-maven-3.6.3\maven-repository\org\springframework\boot\spring-boot-starter-thymeleaf\2.3.7.RELEASE\spring-boot-starter-thymeleaf-2.3.7.RELEASE.jar;C:\Software\apache-maven-3.6.3\maven-repository\org\thymeleaf\thymeleaf-spring5\3.0.11.RELEASE\thymeleaf-spring5-3.0.11.RELEASE.jar;C:\Software\apache-maven-3.6.3\maven-repository\org\thymeleaf\thymeleaf\3.0.11.RELEASE\thymeleaf-3.0.11.RELEASE.jar;C:\Software\apache-maven-3.6.3\maven-repository\org\attoparser\attoparser\2.0.5.RELEASE\attoparser-2.0.5.RELEASE.jar;C:\Software\apache-maven-3.6.3\maven-repository\org\unbescape\unbescape\1.1.6.RELEASE\unbescape-1.1.6.RELEASE.jar;C:\Software\apache-maven-3.6.3\maven-repository\org\thymeleaf\extras\thymeleaf-extras-java8time\3.0.4.RELEASE\thymeleaf-extras-java8time-3.0.4.RELEASE.jar;C:\Software\apache-maven-3.6.3\maven-repository\org\springframework\boot\spring-boot-starter-web\2.3.7.RELEASE\spring-boot-starter-web-2.3.7.RELEASE.jar;C:\Software\apache-maven-3.6.3\maven-repository\org\springframework\boot\spring-boot-starter-json\2.3.7.RELEASE\spring-boot-starter-json-2.3.7.RELEASE.jar;C:\Software\apache-maven-3.6.3\maven-repository\com\fasterxml\jackson\core\jackson-databind\2.11.3\jackson-databind-2.11.3.jar;C:\Software\apache-maven-3.6.3\maven-repository\com\fasterxml\jackson\core\jackson-annotations\2.11.3\jackson-annotations-2.11.3.jar;C:\Software\apache-maven-3.6.3\maven-repository\com\fasterxml\jackson\core\jackson-core\2.11.3\jackson-core-2.11.3.jar;C:\Software\apache-maven-3.6.3\maven-repository\com\fasterxml\jackson\datatype\jackson-datatype-jdk8\2.11.3\jackson-datatype-jdk8-2.11.3.jar;C:\Software\apache-maven-3.6.3\maven-repository\com\fasterxml\jackson\datatype\jackson-datatype-jsr310\2.11.3\jackson-datatype-jsr310-2.11.3.jar;C:\Software\apache-maven-3.6.3\maven-repository\com\fasterxml\jackson\module\jackson-module-parameter-names\2.11.3\jackson-module-parameter-names-2.11.3.jar;C:\Software\apache-maven-3.6.3\maven-repository\org\springframework\spring-web\5.2.12.RELEASE\spring-web-5.2.12.RELEASE.jar;C:\Software\apache-maven-3.6.3\maven-repository\org\springframework\spring-webmvc\5.2.12.RELEASE\spring-webmvc-5.2.12.RELEASE.jar;C:\Software\apache-maven-3.6.3\maven-repository\org\springframework\spring-aop\5.2.12.RELEASE\spring-aop-5.2.12.RELEASE.jar;C:\Software\apache-maven-3.6.3\maven-repository\org\springframework\spring-context\5.2.12.RELEASE\spring-context-5.2.12.RELEASE.jar;C:\Software\apache-maven-3.6.3\maven-repository\org\springframework\spring-expression\5.2.12.RELEASE\spring-expression-5.2.12.RELEASE.jar;C:\Software\apache-maven-3.6.3\maven-repository\org\springframework\boot\spring-boot-starter-web-services\2.3.7.RELEASE\spring-boot-starter-web-services-2.3.7.RELEASE.jar;C:\Software\apache-maven-3.6.3\maven-repository\com\sun\xml\messaging\saaj\saaj-impl\1.5.2\saaj-impl-1.5.2.jar;C:\Software\apache-maven-3.6.3\maven-repository\jakarta\xml\soap\jakarta.xml.soap-api\1.4.2\jakarta.xml.soap-api-1.4.2.jar;C:\Software\apache-maven-3.6.3\maven-repository\org\jvnet\staxex\stax-ex\1.8.3\stax-ex-1.8.3.jar;C:\Software\apache-maven-3.6.3\maven-repository\com\sun\activation\jakarta.activation\1.2.2\jakarta.activation-1.2.2.jar;C:\Software\apache-maven-3.6.3\maven-repository\jakarta\xml\ws\jakarta.xml.ws-api\2.3.3\jakarta.xml.ws-api-2.3.3.jar;C:\Software\apache-maven-3.6.3\maven-repository\jakarta\jws\jakarta.jws-api\2.1.0\jakarta.jws-api-2.1.0.jar;C:\Software\apache-maven-3.6.3\maven-repository\org\springframework\spring-oxm\5.2.12.RELEASE\spring-oxm-5.2.12.RELEASE.jar;C:\Software\apache-maven-3.6.3\maven-repository\org\springframework\ws\spring-ws-core\3.0.9.RELEASE\spring-ws-core-3.0.9.RELEASE.jar;C:\Software\apache-maven-3.6.3\maven-repository\org\springframework\ws\spring-xml\3.0.9.RELEASE\spring-xml-3.0.9.RELEASE.jar;C:\Software\apache-maven-3.6.3\maven-repository\commons-io\commons-io\2.6\commons-io-2.6.jar;C:\Software\apache-maven-3.6.3\maven-repository\org\mybatis\spring\boot\mybatis-spring-boot-starter\2.1.4\mybatis-spring-boot-starter-2.1.4.jar;C:\Software\apache-maven-3.6.3\maven-repository\org\mybatis\spring\boot\mybatis-spring-boot-autoconfigure\2.1.4\mybatis-spring-boot-autoconfigure-2.1.4.jar;C:\Software\apache-maven-3.6.3\maven-repository\org\mybatis\mybatis\3.5.6\mybatis-3.5.6.jar;C:\Software\apache-maven-3.6.3\maven-repository\org\mybatis\mybatis-spring\2.0.6\mybatis-spring-2.0.6.jar;C:\Software\apache-maven-3.6.3\maven-repository\org\springframework\boot\spring-boot-devtools\2.3.7.RELEASE\spring-boot-devtools-2.3.7.RELEASE.jar;C:\Software\apache-maven-3.6.3\maven-repository\org\springframework\boot\spring-boot\2.3.7.RELEASE\spring-boot-2.3.7.RELEASE.jar;C:\Software\apache-maven-3.6.3\maven-repository\org\springframework\boot\spring-boot-autoconfigure\2.3.7.RELEASE\spring-boot-autoconfigure-2.3.7.RELEASE.jar;C:\Software\apache-maven-3.6.3\maven-repository\mysql\mysql-connector-java\8.0.18\mysql-connector-java-8.0.18.jar;C:\Software\apache-maven-3.6.3\maven-repository\org\springframework\boot\spring-boot-starter-tomcat\2.3.7.RELEASE\spring-boot-starter-tomcat-2.3.7.RELEASE.jar;C:\Software\apache-maven-3.6.3\maven-repository\jakarta\annotation\jakarta.annotation-api\1.3.5\jakarta.annotation-api-1.3.5.jar;C:\Software\apache-maven-3.6.3\maven-repository\org\apache\tomcat\embed\tomcat-embed-core\9.0.36\tomcat-embed-core-9.0.36.jar;C:\Software\apache-maven-3.6.3\maven-repository\org\glassfish\jakarta.el\3.0.3\jakarta.el-3.0.3.jar;C:\Software\apache-maven-3.6.3\maven-repository\org\apache\tomcat\embed\tomcat-embed-websocket\9.0.36\tomcat-embed-websocket-9.0.36.jar;C:\Software\apache-maven-3.6.3\maven-repository\com\github\pagehelper\pagehelper-spring-boot-starter\1.2.5\pagehelper-spring-boot-starter-1.2.5.jar;C:\Software\apache-maven-3.6.3\maven-repository\com\github\pagehelper\pagehelper-spring-boot-autoconfigure\1.2.5\pagehelper-spring-boot-autoconfigure-1.2.5.jar;C:\Software\apache-maven-3.6.3\maven-repository\com\github\pagehelper\pagehelper\5.1.4\pagehelper-5.1.4.jar;C:\Software\apache-maven-3.6.3\maven-repository\com\github\jsqlparser\jsqlparser\1.0\jsqlparser-1.0.jar;C:\Software\apache-maven-3.6.3\maven-repository\jakarta\xml\bind\jakarta.xml.bind-api\2.3.3\jakarta.xml.bind-api-2.3.3.jar;C:\Software\apache-maven-3.6.3\maven-repository\jakarta\activation\jakarta.activation-api\1.2.2\jakarta.activation-api-1.2.2.jar;C:\Software\apache-maven-3.6.3\maven-repository\org\springframework\spring-core\5.2.12.RELEASE\spring-core-5.2.12.RELEASE.jar;C:\Software\apache-maven-3.6.3\maven-repository\org\springframework\spring-jcl\5.2.12.RELEASE\spring-jcl-5.2.12.RELEASE.jar;C:\Software\apache-maven-3.6.3\maven-repository\commons-lang\commons-lang\2.6\commons-lang-2.6.jar;C:\Software\apache-maven-3.6.3\maven-repository\org\projectlombok\lombok\1.18.32\lombok-1.18.32.jar;C:\Software\apache-maven-3.6.3\maven-repository\io\kimchi\cisd-jhdf5-core\13.06.2\cisd-jhdf5-core-13.06.2.jar;C:\Software\apache-maven-3.6.3\maven-repository\io\kimchi\cisd-base\13.06.2\cisd-base-13.06.2.jar;C:\Software\apache-maven-3.6.3\maven-repository\io\jhdf\jhdf\0.6.5\jhdf-0.6.5.jar;C:\Software\apache-maven-3.6.3\maven-repository\org\slf4j\slf4j-api\1.7.30\slf4j-api-1.7.30.jar;C:\Software\apache-maven-3.6.3\maven-repository\org\apache\commons\commons-lang3\3.10\commons-lang3-3.10.jar;C:\Software\apache-maven-3.6.3\maven-repository\com\ning\compress-lzf\1.1\compress-lzf-1.1.jar
Launcher Type: SUN_STANDARD

[Global flags]
     intx CICompilerCount                          = 12                                        {product} {ergonomic}
     uint ConcGCThreads                            = 4                                         {product} {ergonomic}
     uint G1ConcRefinementThreads                  = 15                                        {product} {ergonomic}
   size_t G1HeapRegionSize                         = 2097152                                   {product} {ergonomic}
    uintx GCDrainStackTargetSize                   = 64                                        {product} {ergonomic}
   size_t InitialHeapSize                          = 264241152                                 {product} {ergonomic}
     bool ManagementServer                         = true                                      {product} {command line}
   size_t MarkStackSize                            = 4194304                                   {product} {ergonomic}
   size_t MaxHeapSize                              = 4223664128                                {product} {ergonomic}
   size_t MaxNewSize                               = 2533359616                                {product} {ergonomic}
   size_t MinHeapDeltaBytes                        = 2097152                                   {product} {ergonomic}
   size_t MinHeapSize                              = 8388608                                   {product} {ergonomic}
    uintx NonNMethodCodeHeapSize                   = 4096                                   {pd product} {ergonomic}
    uintx NonProfiledCodeHeapSize                  = 0                                      {pd product} {ergonomic}
     bool ProfileInterpreter                       = false                                  {pd product} {command line}
    uintx ProfiledCodeHeapSize                     = 0                                      {pd product} {ergonomic}
   size_t SoftMaxHeapSize                          = 4223664128                             {manageable} {ergonomic}
     intx TieredStopAtLevel                        = 1                                         {product} {command line}
     bool UseCompressedOops                        = true                           {product lp64_product} {ergonomic}
     bool UseG1GC                                  = true                                      {product} {ergonomic}
     bool UseLargePagesIndividualAllocation        = false                                  {pd product} {ergonomic}

Logging:
Log output configuration:
 #0: stdout all=warning uptime,level,tags foldmultilines=false
 #1: stderr all=off uptime,level,tags foldmultilines=false

Environment Variables:
JAVA_HOME=C:\Program Files\Java\jdk-21
PATH=C:\Program Files\Common Files\Oracle\Java\javapath;C:\WINDOWS\system32;C:\WINDOWS;C:\WINDOWS\System32\Wbem;C:\WINDOWS\System32\WindowsPowerShell\v1.0\;C:\WINDOWS\System32\OpenSSH\;C:\Software\Git\cmd;C:\Program Files\Java\jdk-21\bin;C:\Program Files\MySQL\MySQL Server 8.0\bin;C:\Program Files\HDF_Group\HDF5\1.14.5\bin\;C:\Program Files\HDF_Group\HDF5\1.14.5\lib;C:\Program Files\dotnet\;C:\Program Files (x86)\Windows Kits\10\Windows Performance Toolkit\;D:\software\Xshell\;D:\software\nodejs\;C:\Software\Xftp\;C:\Program Files\MySQL\MySQL Shell 8.0\bin\;C:\Users\12634\AppData\Local\Microsoft\WindowsApps;C:\Software\Anaconda\Library\bin;C:\Software\Anaconda\Library\mingw-w64\bin;C:\Software\Anaconda\Scripts;C:\Software\IntelliJ IDEA 2020.3.4\bin;;C:\Software\apache-maven-3.6.3\bin;C:\Users\12634\AppData\Local\Microsoft\WindowsApps;C:\Users\12634\AppData\Roaming\npm;D:\software\Microsoft VS Code\bin;C:\Users\12634\AppData\Roaming\Programs\Zero Install
USERNAME=12634
OS=Windows_NT
PROCESSOR_IDENTIFIER=Intel64 Family 6 Model 154 Stepping 3, GenuineIntel
TMP=C:\Users\12634\AppData\Local\Temp
TEMP=C:\Users\12634\AppData\Local\Temp




Periodic native trim disabled

---------------  S Y S T E M  ---------------

OS:
 Windows 11 , 64 bit Build 26100 (10.0.26100.6725)
OS uptime: 22 days 23:59 hours
Hyper-V role detected

CPU: total 20 (initial active 20) (10 cores per cpu, 2 threads per core) family 6 model 154 stepping 3 microcode 0x41b, cx8, cmov, fxsr, ht, mmx, 3dnowpref, sse, sse2, sse3, ssse3, sse4.1, sse4.2, popcnt, lzcnt, tsc, tscinvbit, avx, avx2, aes, erms, clmul, bmi1, bmi2, adx, sha, fma, vzeroupper, clflush, clflushopt, clwb, hv, serialize, rdtscp, rdpid, fsrm, f16c, cet_ibt, cet_ss
Processor Information for processor 0
  Max Mhz: 2500, Current Mhz: 2500, Mhz Limit: 2500
Processor Information for processor 1
  Max Mhz: 2500, Current Mhz: 2500, Mhz Limit: 2500
Processor Information for processor 2
  Max Mhz: 2500, Current Mhz: 2500, Mhz Limit: 2500
Processor Information for processor 3
  Max Mhz: 2500, Current Mhz: 2500, Mhz Limit: 2500
Processor Information for processor 4
  Max Mhz: 2500, Current Mhz: 2500, Mhz Limit: 2500
Processor Information for processor 5
  Max Mhz: 2500, Current Mhz: 2500, Mhz Limit: 2500
Processor Information for processor 6
  Max Mhz: 2500, Current Mhz: 2500, Mhz Limit: 2500
Processor Information for processor 7
  Max Mhz: 2500, Current Mhz: 2500, Mhz Limit: 2500
Processor Information for processor 8
  Max Mhz: 2500, Current Mhz: 2500, Mhz Limit: 2500
Processor Information for processor 9
  Max Mhz: 2500, Current Mhz: 2500, Mhz Limit: 2500
Processor Information for processor 10
  Max Mhz: 2500, Current Mhz: 2500, Mhz Limit: 2500
Processor Information for processor 11
  Max Mhz: 2500, Current Mhz: 2500, Mhz Limit: 2500
Processor Information for processor 12
  Max Mhz: 1800, Current Mhz: 1800, Mhz Limit: 1800
Processor Information for processor 13
  Max Mhz: 1800, Current Mhz: 1800, Mhz Limit: 1800
Processor Information for processor 14
  Max Mhz: 1800, Current Mhz: 1500, Mhz Limit: 1800
Processor Information for processor 15
  Max Mhz: 1800, Current Mhz: 1800, Mhz Limit: 1800
Processor Information for processor 16
  Max Mhz: 1800, Current Mhz: 1800, Mhz Limit: 1800
Processor Information for processor 17
  Max Mhz: 1800, Current Mhz: 1500, Mhz Limit: 1800
Processor Information for processor 18
  Max Mhz: 1800, Current Mhz: 1500, Mhz Limit: 1800
Processor Information for processor 19
  Max Mhz: 1800, Current Mhz: 1800, Mhz Limit: 1800

Memory: 4k page, system-wide physical 16108M (518M free)
TotalPageFile size 41708M (AvailPageFile size 16M)
current process WorkingSet (physical memory assigned to process): 303M, peak: 310M
current process commit charge ("private bytes"): 392M, peak: 488M

vm_info: Java HotSpot(TM) 64-Bit Server VM (21.0.5+9-LTS-239) for windows-amd64 JRE (21.0.5+9-LTS-239), built on 2024-09-30T05:17:38Z by "mach5one" with MS VC++ 17.6 (VS2022)

END.
